###############################################################################
#
# IAR ELF Linker V9.40.1.364/W64 for ARM                  25/Jun/2024  22:31:48
# Copyright 2007-2023 IAR Systems AB.
#
#    Output file  =
#        D:\CODE\COMPANIES\ARODA FOTA\RODA_TRACK FOTA\EWARM\ARODA
#        FOTA\Exe\ARODA FOTA.out
#    Map file     =
#        D:\CODE\COMPANIES\ARODA FOTA\RODA_TRACK FOTA\EWARM\ARODA
#        FOTA\List\ARODA FOTA.map
#    Command line =
#        -f "D:\CODE\COMPANIES\ARODA FOTA\RODA_TRACK FOTA\EWARM\ARODA
#        FOTA\Exe\ARODA FOTA.out.rsp" ("D:\CODE\COMPANIES\ARODA FOTA\RODA_TRACK
#        FOTA\EWARM\ARODA FOTA\Obj\Core_13247989168731456611.dir\App_RAM.o"
#        "D:\CODE\COMPANIES\ARODA FOTA\RODA_TRACK FOTA\EWARM\ARODA
#        FOTA\Obj\Core_13247989168731456611.dir\FOTA.o"
#        "D:\CODE\COMPANIES\ARODA FOTA\RODA_TRACK FOTA\EWARM\ARODA
#        FOTA\Obj\Core_13247989168731456611.dir\gpio.o"
#        "D:\CODE\COMPANIES\ARODA FOTA\RODA_TRACK FOTA\EWARM\ARODA
#        FOTA\Obj\Core_13247989168731456611.dir\GPRS.o"
#        "D:\CODE\COMPANIES\ARODA FOTA\RODA_TRACK FOTA\EWARM\ARODA
#        FOTA\Obj\Core_13247989168731456611.dir\main.o"
#        "D:\CODE\COMPANIES\ARODA FOTA\RODA_TRACK FOTA\EWARM\ARODA
#        FOTA\Obj\Core_13247989168731456611.dir\Misc_Function.o"
#        "D:\CODE\COMPANIES\ARODA FOTA\RODA_TRACK FOTA\EWARM\ARODA
#        FOTA\Obj\Core_13247989168731456611.dir\rtc.o" "D:\CODE\COMPANIES\ARODA
#        FOTA\RODA_TRACK FOTA\EWARM\ARODA
#        FOTA\Obj\Core_13247989168731456611.dir\SMS.o" "D:\CODE\COMPANIES\ARODA
#        FOTA\RODA_TRACK FOTA\EWARM\ARODA
#        FOTA\Obj\Core_13247989168731456611.dir\spi.o" "D:\CODE\COMPANIES\ARODA
#        FOTA\RODA_TRACK FOTA\EWARM\ARODA
#        FOTA\Obj\Core_13247989168731456611.dir\SPI_FLASH.o"
#        "D:\CODE\COMPANIES\ARODA FOTA\RODA_TRACK FOTA\EWARM\ARODA
#        FOTA\Obj\EWARM_18443280873093131863.dir\startup_stm32f091xc.o"
#        "D:\CODE\COMPANIES\ARODA FOTA\RODA_TRACK FOTA\EWARM\ARODA
#        FOTA\Obj\STM32F0xx_HAL_Driver_12736992878974344111.dir\stm32f0xx_hal.o"
#        "D:\CODE\COMPANIES\ARODA FOTA\RODA_TRACK FOTA\EWARM\ARODA
#        FOTA\Obj\STM32F0xx_HAL_Driver_12736992878974344111.dir\stm32f0xx_hal_cortex.o"
#        "D:\CODE\COMPANIES\ARODA FOTA\RODA_TRACK FOTA\EWARM\ARODA
#        FOTA\Obj\STM32F0xx_HAL_Driver_12736992878974344111.dir\stm32f0xx_hal_dma.o"
#        "D:\CODE\COMPANIES\ARODA FOTA\RODA_TRACK FOTA\EWARM\ARODA
#        FOTA\Obj\STM32F0xx_HAL_Driver_12736992878974344111.dir\stm32f0xx_hal_exti.o"
#        "D:\CODE\COMPANIES\ARODA FOTA\RODA_TRACK FOTA\EWARM\ARODA
#        FOTA\Obj\STM32F0xx_HAL_Driver_12736992878974344111.dir\stm32f0xx_hal_flash.o"
#        "D:\CODE\COMPANIES\ARODA FOTA\RODA_TRACK FOTA\EWARM\ARODA
#        FOTA\Obj\STM32F0xx_HAL_Driver_12736992878974344111.dir\stm32f0xx_hal_flash_ex.o"
#        "D:\CODE\COMPANIES\ARODA FOTA\RODA_TRACK FOTA\EWARM\ARODA
#        FOTA\Obj\STM32F0xx_HAL_Driver_12736992878974344111.dir\stm32f0xx_hal_gpio.o"
#        "D:\CODE\COMPANIES\ARODA FOTA\RODA_TRACK FOTA\EWARM\ARODA
#        FOTA\Obj\STM32F0xx_HAL_Driver_12736992878974344111.dir\stm32f0xx_hal_i2c.o"
#        "D:\CODE\COMPANIES\ARODA FOTA\RODA_TRACK FOTA\EWARM\ARODA
#        FOTA\Obj\STM32F0xx_HAL_Driver_12736992878974344111.dir\stm32f0xx_hal_i2c_ex.o"
#        "D:\CODE\COMPANIES\ARODA FOTA\RODA_TRACK FOTA\EWARM\ARODA
#        FOTA\Obj\Core_13247989168731456611.dir\stm32f0xx_hal_msp.o"
#        "D:\CODE\COMPANIES\ARODA FOTA\RODA_TRACK FOTA\EWARM\ARODA
#        FOTA\Obj\STM32F0xx_HAL_Driver_12736992878974344111.dir\stm32f0xx_hal_pwr.o"
#        "D:\CODE\COMPANIES\ARODA FOTA\RODA_TRACK FOTA\EWARM\ARODA
#        FOTA\Obj\STM32F0xx_HAL_Driver_12736992878974344111.dir\stm32f0xx_hal_pwr_ex.o"
#        "D:\CODE\COMPANIES\ARODA FOTA\RODA_TRACK FOTA\EWARM\ARODA
#        FOTA\Obj\STM32F0xx_HAL_Driver_12736992878974344111.dir\stm32f0xx_hal_rcc.o"
#        "D:\CODE\COMPANIES\ARODA FOTA\RODA_TRACK FOTA\EWARM\ARODA
#        FOTA\Obj\STM32F0xx_HAL_Driver_12736992878974344111.dir\stm32f0xx_hal_rcc_ex.o"
#        "D:\CODE\COMPANIES\ARODA FOTA\RODA_TRACK FOTA\EWARM\ARODA
#        FOTA\Obj\STM32F0xx_HAL_Driver_12736992878974344111.dir\stm32f0xx_hal_spi.o"
#        "D:\CODE\COMPANIES\ARODA FOTA\RODA_TRACK FOTA\EWARM\ARODA
#        FOTA\Obj\STM32F0xx_HAL_Driver_12736992878974344111.dir\stm32f0xx_hal_spi_ex.o"
#        "D:\CODE\COMPANIES\ARODA FOTA\RODA_TRACK FOTA\EWARM\ARODA
#        FOTA\Obj\STM32F0xx_HAL_Driver_12736992878974344111.dir\stm32f0xx_hal_tim.o"
#        "D:\CODE\COMPANIES\ARODA FOTA\RODA_TRACK FOTA\EWARM\ARODA
#        FOTA\Obj\STM32F0xx_HAL_Driver_12736992878974344111.dir\stm32f0xx_hal_tim_ex.o"
#        "D:\CODE\COMPANIES\ARODA FOTA\RODA_TRACK FOTA\EWARM\ARODA
#        FOTA\Obj\Core_13247989168731456611.dir\stm32f0xx_it.o"
#        "D:\CODE\COMPANIES\ARODA FOTA\RODA_TRACK FOTA\EWARM\ARODA
#        FOTA\Obj\STM32F0xx_HAL_Driver_12736992878974344111.dir\stm32f0xx_ll_dma.o"
#        "D:\CODE\COMPANIES\ARODA FOTA\RODA_TRACK FOTA\EWARM\ARODA
#        FOTA\Obj\STM32F0xx_HAL_Driver_12736992878974344111.dir\stm32f0xx_ll_exti.o"
#        "D:\CODE\COMPANIES\ARODA FOTA\RODA_TRACK FOTA\EWARM\ARODA
#        FOTA\Obj\STM32F0xx_HAL_Driver_12736992878974344111.dir\stm32f0xx_ll_gpio.o"
#        "D:\CODE\COMPANIES\ARODA FOTA\RODA_TRACK FOTA\EWARM\ARODA
#        FOTA\Obj\STM32F0xx_HAL_Driver_12736992878974344111.dir\stm32f0xx_ll_rcc.o"
#        "D:\CODE\COMPANIES\ARODA FOTA\RODA_TRACK FOTA\EWARM\ARODA
#        FOTA\Obj\STM32F0xx_HAL_Driver_12736992878974344111.dir\stm32f0xx_ll_rtc.o"
#        "D:\CODE\COMPANIES\ARODA FOTA\RODA_TRACK FOTA\EWARM\ARODA
#        FOTA\Obj\STM32F0xx_HAL_Driver_12736992878974344111.dir\stm32f0xx_ll_usart.o"
#        "D:\CODE\COMPANIES\ARODA FOTA\RODA_TRACK FOTA\EWARM\ARODA
#        FOTA\Obj\STM32F0xx_HAL_Driver_12736992878974344111.dir\stm32f0xx_ll_utils.o"
#        "D:\CODE\COMPANIES\ARODA FOTA\RODA_TRACK FOTA\EWARM\ARODA
#        FOTA\Obj\CMSIS_6603591812247902717.dir\system_stm32f0xx.o"
#        "D:\CODE\COMPANIES\ARODA FOTA\RODA_TRACK FOTA\EWARM\ARODA
#        FOTA\Obj\Core_13247989168731456611.dir\usart.o" --no_out_extension -o
#        "D:\CODE\COMPANIES\ARODA FOTA\RODA_TRACK FOTA\EWARM\ARODA
#        FOTA\Exe\ARODA FOTA.out" --redirect _Printf=_PrintfFullNoMb --redirect
#        _Scanf=_ScanfFullNoMb --map "D:\CODE\COMPANIES\ARODA FOTA\RODA_TRACK
#        FOTA\EWARM\ARODA FOTA\List\ARODA FOTA.map" --config
#        "D:\CODE\COMPANIES\ARODA FOTA\RODA_TRACK
#        FOTA\EWARM/stm32f091xc_flash.icf" --semihosting --entry
#        __iar_program_start --vfe --text_out locale --cpu=Cortex-M0
#        --fpu=None) --dependencies=n "D:\CODE\COMPANIES\ARODA FOTA\RODA_TRACK
#        FOTA\EWARM\ARODA FOTA\Exe\ARODA FOTA.out.iar_deps"
#
###############################################################################

*******************************************************************************
*** RUNTIME MODEL ATTRIBUTES
***

CppFlavor       = *
__CPP_Runtime   = 1
__Heap_Handler  = NoFree
__SystemLibrary = DLib
__dlib_version  = 6


*******************************************************************************
*** HEAP SELECTION
***

The no free heap was selected because no calls to memory
deallocation functions were found in the application.


*******************************************************************************
*** PLACEMENT SUMMARY
***

"A0":  place at address 0x800'0000 { ro section .intvec };
"P1":  place in [from 0x800'0000 to 0x803'ffff] { ro };
define block CSTACK with size = 1K, alignment = 8 { };
define block HEAP with size = 512, alignment = 8 { };
"P2":  place in [from 0x2000'0000 to 0x2000'7fff] {
          rw, block CSTACK, block HEAP };
initialize by copy { rw };

  Section            Kind         Address    Size  Object
  -------            ----         -------    ----  ------
"A0":                                        0xbc
  .intvec            ro code   0x800'0000    0xbc  startup_stm32f091xc.o [3]
                             - 0x800'00bc    0xbc

"P1":                                      0x6db5
  .text              ro code   0x800'00bc   0xf7a  xprintffull_nomb.o [5]
  .text              ro code   0x800'1036     0xa  xsprout.o [5]
  .text              ro code   0x800'1040    0x12  strchr.o [7]
  .rodata            const     0x800'1052     0x2  xlocale_c.o [5]
  .text              ro code   0x800'1054    0x48  xfail_s.o [5]
  .text              ro code   0x800'109c     0xe  strlen.o [7]
  .rodata            const     0x800'10aa     0x2  xlocale_c.o [5]
  .text              ro code   0x800'10ac    0x16  memchr.o [7]
  .text              ro code   0x800'10c2     0x2  startup_stm32f091xc.o [3]
  .text              ro code   0x800'10c4    0x4e  ABImemcpy.o [7]
  .text              ro code   0x800'1112    0x2a  frexp.o [6]
  .text              ro code   0x800'113c    0x32  DblCmpLe.o [6]
  .text              ro code   0x800'116e    0x32  DblCmpGe.o [6]
  .text              ro code   0x800'11a0    0x70  ldexp.o [6]
  .text              ro code   0x800'1210    0x52  DblToI32.o [6]
  .text              ro code   0x800'1262     0x2  startup_stm32f091xc.o [3]
  .text              ro code   0x800'1264    0x34  IxxToDbl.o [6]
  .text              ro code   0x800'1298   0x1a8  DblAddSub.o [6]
  .text              ro code   0x800'1440    0xe0  I32DivModFast.o [7]
  .text              ro code   0x800'1520    0xc2  DblDiv.o [6]
  .text              ro code   0x800'15e2   0x184  DblMul.o [6]
  .text              ro code   0x800'1766     0x2  startup_stm32f091xc.o [3]
  .text              ro code   0x800'1768    0x50  xlocale_c.o [5]
  .text              ro code   0x800'17b8    0x7c  I64DivMod.o [7]
  .text              ro code   0x800'1834     0xa  abort.o [5]
  .text              ro code   0x800'183e     0x2  startup_stm32f091xc.o [3]
  .text              ro code   0x800'1840     0x2  IntDivZer.o [7]
  .text              ro code   0x800'1842     0x2  startup_stm32f091xc.o [3]
  .text              ro code   0x800'1844     0x2  I64DivZer.o [7]
  .text              ro code   0x800'1846     0x2  startup_stm32f091xc.o [3]
  .text              ro code   0x800'1848    0x14  exit.o [8]
  .text              ro code   0x800'185c   0xd30  GPRS.o [2]
  .text              ro code   0x800'258c    0x2e  strstr.o [5]
  .text              ro code   0x800'25ba     0x2  startup_stm32f091xc.o [3]
  .text              ro code   0x800'25bc   0x220  SMS.o [2]
  .text              ro code   0x800'27dc   0xb80  FOTA.o [2]
  .text              ro code   0x800'335c    0x4e  ABImemset.o [7]
  .text              ro code   0x800'33aa     0x2  startup_stm32f091xc.o [3]
  .text              ro code   0x800'33ac    0x28  stm32f0xx_ll_utils.o [4]
  .text              ro code   0x800'33d4   0x164  iar_Stoulx.o [5]
  .text              ro code   0x800'3538    0x12  islower.o [5]
  .text              ro code   0x800'354a    0x12  toupper.o [5]
  .text              ro code   0x800'355c    0x40  sprintf.o [5]
  .text              ro code   0x800'359c   0x2e8  SPI_FLASH.o [2]
  .text              ro code   0x800'3884   0x148  stm32f0xx_hal_flash.o [4]
  .text              ro code   0x800'39cc   0x264  stm32f0xx_hal_flash_ex.o [4]
  .text              ro code   0x800'3c30    0x12  isspace.o [5]
  .text              ro code   0x800'3c42    0x12  tolower.o [5]
  .text              ro code   0x800'3c54   0x7be  stm32f0xx_hal_spi.o [4]
  .text              ro code   0x800'4412     0x2  startup_stm32f091xc.o [3]
  .text              ro code   0x800'4414     0xc  stm32f0xx_hal.o [4]
  .text              ro code   0x800'4420   0x11c  spi.o [2]
  .text              ro code   0x800'453c   0x1ea  main.o [2]
  .text              ro code   0x800'4726     0x2  startup_stm32f091xc.o [3]
  .text              ro code   0x800'4728   0x1f8  stm32f0xx_hal_gpio.o [4]
  .text              ro code   0x800'4920    0x20  stm32f0xx_hal.o [4]
  .text              ro code   0x800'4940   0x120  gpio.o [2]
  .text              ro code   0x800'4a60    0xf8  rtc.o [2]
  .text              ro code   0x800'4b58   0x1d4  usart.o [2]
  .text              ro code   0x800'4d2c   0x2dc  Misc_Function.o [2]
  .text              ro code   0x800'5008   0x770  stm32f0xx_hal_rcc.o [4]
  .text              ro code   0x800'5778   0x174  stm32f0xx_hal_rcc_ex.o [4]
  .text              ro code   0x800'58ec    0x50  stm32f0xx_hal.o [4]
  .text              ro code   0x800'593c    0x34  stm32f0xx_hal_msp.o [2]
  .text              ro code   0x800'5970   0x134  stm32f0xx_ll_gpio.o [4]
  .text              ro code   0x800'5aa4   0x39c  stm32f0xx_ll_rtc.o [4]
  .text              ro code   0x800'5e40   0x18c  stm32f0xx_ll_usart.o [4]
  .text              ro code   0x800'5fcc    0xdc  stm32f0xx_hal_cortex.o [4]
  .text              ro code   0x800'60a8   0x27c  stm32f0xx_ll_rcc.o [4]
  .text              ro code   0x800'6324   0x2e4  stm32f0xx_it.o [2]
  .text              ro code   0x800'6608    0x18  stm32f0xx_hal.o [4]
  .text              ro code   0x800'6620    0x80  lz77_init_single.o [7]
  .rodata            const     0x800'66a0    0x6a  xprintffull_nomb.o [5]
  .text              ro code   0x800'670a     0x2  startup_stm32f091xc.o [3]
  .rodata            const     0x800'670c    0x50  iar_Stoulx.o [5]
  .text              ro code   0x800'675c    0x3c  zero_init3.o [7]
  .rodata            const     0x800'6798    0x38  SMS.o [2]
  .rodata            const     0x800'67d0    0x34  SMS.o [2]
  .rodata            const     0x800'6804    0x30  SMS.o [2]
  .rodata            const     0x800'6834    0x30  SMS.o [2]
  .rodata            const     0x800'6864    0x28  SMS.o [2]
  .text              ro code   0x800'688c    0x28  data_init.o [7]
  .iar.init_table    const     0x800'68b4    0x20  - Linker created -
  .rodata            const     0x800'68d4    0x20  SMS.o [2]
  .text              ro code   0x800'68f4    0x1e  cmain.o [7]
  .text              ro code   0x800'6912     0x4  low_level_init.o [5]
  .text              ro code   0x800'6916     0x8  exit.o [5]
  .text              ro code   0x800'691e     0x2  startup_stm32f091xc.o [3]
  .text              ro code   0x800'6920     0xa  cexit.o [7]
  .text              ro code   0x800'692a     0x2  startup_stm32f091xc.o [3]
  .text              ro code   0x800'692c    0x1c  cstartup_M.o [7]
  .rodata            const     0x800'6948    0x18  FOTA.o [2]
  .rodata            const     0x800'6960    0x18  GPRS.o [2]
  .rodata            const     0x800'6978    0x18  GPRS.o [2]
  .rodata            const     0x800'6990    0x18  SMS.o [2]
  .rodata            const     0x800'69a8    0x18  SMS.o [2]
  .rodata            const     0x800'69c0    0x18  SMS.o [2]
  .rodata            const     0x800'69d8    0x18  SMS.o [2]
  .rodata            const     0x800'69f0    0x18  SMS.o [2]
  .rodata            const     0x800'6a08    0x14  FOTA.o [2]
  .rodata            const     0x800'6a1c    0x14  GPRS.o [2]
  .rodata            const     0x800'6a30    0x14  GPRS.o [2]
  .rodata            const     0x800'6a44    0x14  GPRS.o [2]
  .rodata            const     0x800'6a58    0x14  GPRS.o [2]
  .rodata            const     0x800'6a6c    0x14  Misc_Function.o [2]
  .rodata            const     0x800'6a80    0x14  SMS.o [2]
  .rodata            const     0x800'6a94    0x14  SMS.o [2]
  .rodata            const     0x800'6aa8    0x14  stm32f0xx_it.o [2]
  .rodata            const     0x800'6abc    0x10  FOTA.o [2]
  .rodata            const     0x800'6acc    0x10  GPRS.o [2]
  .rodata            const     0x800'6adc    0x10  GPRS.o [2]
  .rodata            const     0x800'6aec    0x10  GPRS.o [2]
  .rodata            const     0x800'6afc    0x10  GPRS.o [2]
  .rodata            const     0x800'6b0c    0x10  Misc_Function.o [2]
  .rodata            const     0x800'6b1c    0x10  SMS.o [2]
  .rodata            const     0x800'6b2c    0x10  SMS.o [2]
  .rodata            const     0x800'6b3c    0x10  SMS.o [2]
  .rodata            const     0x800'6b4c    0x10  SMS.o [2]
  .rodata            const     0x800'6b5c    0x10  stm32f0xx_hal_rcc.o [4]
  .rodata            const     0x800'6b6c    0x10  stm32f0xx_hal_rcc.o [4]
  .rodata            const     0x800'6b7c    0x10  system_stm32f0xx.o [1]
  .text              ro code   0x800'6b8c    0x10  startup_stm32f091xc.o [3]
  .rodata            const     0x800'6b9c     0xc  FOTA.o [2]
  .rodata            const     0x800'6ba8     0xc  GPRS.o [2]
  .rodata            const     0x800'6bb4     0xc  GPRS.o [2]
  .rodata            const     0x800'6bc0     0xc  GPRS.o [2]
  .rodata            const     0x800'6bcc     0xc  GPRS.o [2]
  .rodata            const     0x800'6bd8     0xc  GPRS.o [2]
  .rodata            const     0x800'6be4     0xc  GPRS.o [2]
  .rodata            const     0x800'6bf0     0xc  GPRS.o [2]
  .rodata            const     0x800'6bfc     0xc  GPRS.o [2]
  .rodata            const     0x800'6c08     0xc  GPRS.o [2]
  .rodata            const     0x800'6c14     0xc  GPRS.o [2]
  .rodata            const     0x800'6c20     0xc  GPRS.o [2]
  .rodata            const     0x800'6c2c     0xc  GPRS.o [2]
  .rodata            const     0x800'6c38     0xc  GPRS.o [2]
  .rodata            const     0x800'6c44     0xc  GPRS.o [2]
  .rodata            const     0x800'6c50     0xc  GPRS.o [2]
  .rodata            const     0x800'6c5c     0xc  GPRS.o [2]
  .rodata            const     0x800'6c68     0xc  GPRS.o [2]
  .rodata            const     0x800'6c74     0xc  Misc_Function.o [2]
  .rodata            const     0x800'6c80     0xc  SMS.o [2]
  .rodata            const     0x800'6c8c     0xc  SMS.o [2]
  .rodata            const     0x800'6c98     0xc  SMS.o [2]
  .rodata            const     0x800'6ca4     0xc  SMS.o [2]
  .rodata            const     0x800'6cb0     0xc  SMS.o [2]
  .rodata            const     0x800'6cbc     0xc  SMS.o [2]
  .rodata            const     0x800'6cc8     0xc  stm32f0xx_it.o [2]
  .rodata            const     0x800'6cd4     0xc  stm32f0xx_it.o [2]
  .rodata            const     0x800'6ce0     0xc  stm32f0xx_it.o [2]
  .rodata            const     0x800'6cec     0xc  stm32f0xx_it.o [2]
  .rodata            const     0x800'6cf8     0x8  FOTA.o [2]
  .rodata            const     0x800'6d00     0x8  FOTA.o [2]
  .rodata            const     0x800'6d08     0x8  GPRS.o [2]
  .rodata            const     0x800'6d10     0x8  GPRS.o [2]
  .rodata            const     0x800'6d18     0x8  GPRS.o [2]
  .rodata            const     0x800'6d20     0x8  GPRS.o [2]
  .rodata            const     0x800'6d28     0x8  GPRS.o [2]
  .rodata            const     0x800'6d30     0x8  GPRS.o [2]
  .rodata            const     0x800'6d38     0x8  GPRS.o [2]
  .rodata            const     0x800'6d40     0x8  GPRS.o [2]
  .rodata            const     0x800'6d48     0x8  GPRS.o [2]
  .rodata            const     0x800'6d50     0x8  GPRS.o [2]
  .rodata            const     0x800'6d58     0x8  GPRS.o [2]
  .rodata            const     0x800'6d60     0x8  GPRS.o [2]
  .rodata            const     0x800'6d68     0x8  GPRS.o [2]
  .rodata            const     0x800'6d70     0x8  GPRS.o [2]
  .rodata            const     0x800'6d78     0x8  GPRS.o [2]
  .rodata            const     0x800'6d80     0x8  GPRS.o [2]
  .rodata            const     0x800'6d88     0x8  GPRS.o [2]
  .rodata            const     0x800'6d90     0x8  GPRS.o [2]
  .rodata            const     0x800'6d98     0x8  GPRS.o [2]
  .rodata            const     0x800'6da0     0x8  GPRS.o [2]
  .rodata            const     0x800'6da8     0x8  GPRS.o [2]
  .rodata            const     0x800'6db0     0x8  GPRS.o [2]
  .rodata            const     0x800'6db8     0x8  GPRS.o [2]
  .rodata            const     0x800'6dc0     0x8  GPRS.o [2]
  .rodata            const     0x800'6dc8     0x8  GPRS.o [2]
  .rodata            const     0x800'6dd0     0x8  Misc_Function.o [2]
  .rodata            const     0x800'6dd8     0x8  Misc_Function.o [2]
  .rodata            const     0x800'6de0     0x8  stm32f0xx_it.o [2]
  .rodata            const     0x800'6de8     0x8  stm32f0xx_it.o [2]
  .rodata            const     0x800'6df0     0x8  stm32f0xx_it.o [2]
  .rodata            const     0x800'6df8     0x8  system_stm32f0xx.o [1]
  .text              ro code   0x800'6e00     0x2  startup_stm32f091xc.o [3]
  .text              ro code   0x800'6e02     0x2  startup_stm32f091xc.o [3]
  .text              ro code   0x800'6e04     0x2  startup_stm32f091xc.o [3]
  .text              ro code   0x800'6e06     0x2  startup_stm32f091xc.o [3]
  .text              ro code   0x800'6e08     0x2  startup_stm32f091xc.o [3]
  .text              ro code   0x800'6e0a     0x2  startup_stm32f091xc.o [3]
  .text              ro code   0x800'6e0c     0x2  startup_stm32f091xc.o [3]
  .text              ro code   0x800'6e0e     0x2  startup_stm32f091xc.o [3]
  .text              ro code   0x800'6e10     0x2  startup_stm32f091xc.o [3]
  .text              ro code   0x800'6e12     0x2  startup_stm32f091xc.o [3]
  .text              ro code   0x800'6e14     0x2  startup_stm32f091xc.o [3]
  .text              ro code   0x800'6e16     0x2  startup_stm32f091xc.o [3]
  .text              ro code   0x800'6e18     0x2  startup_stm32f091xc.o [3]
  .text              ro code   0x800'6e1a     0x2  startup_stm32f091xc.o [3]
  .text              ro code   0x800'6e1c     0x2  startup_stm32f091xc.o [3]
  .text              ro code   0x800'6e1e     0x2  startup_stm32f091xc.o [3]
  .text              ro code   0x800'6e20     0x2  startup_stm32f091xc.o [3]
  .rodata            const     0x800'6e22     0x1  SPI_FLASH.o [2]
  .rodata            const     0x800'6e23     0x1  xlocale_c.o [5]
  .text              ro code   0x800'6e24     0x2  system_stm32f0xx.o [1]
  .rodata            const     0x800'6e26     0x0  zero_init3.o [7]
  .rodata            const     0x800'6e26     0x0  lz77_init_single.o [7]
  Initializer bytes  const     0x800'6e26    0x4b  <for P2-1>
                             - 0x800'6e71  0x6db5

"P2", part 1 of 3:                           0x91
  P2-1                        0x2000'0000    0x91  <Init block>
    .data            inited   0x2000'0000     0x4  FOTA.o [2]
    .data            inited   0x2000'0004     0x4  stm32f0xx_hal.o [4]
    .data            inited   0x2000'0008     0x4  system_stm32f0xx.o [1]
    .data            inited   0x2000'000c    0x38  xlocale_c.o [5]
    .data            inited   0x2000'0044    0x48  xlocale_c.o [5]
    .data            inited   0x2000'008c     0x2  App_RAM.o [2]
    .data            inited   0x2000'008e     0x1  App_RAM.o [2]
    .data            inited   0x2000'008f     0x1  GPRS.o [2]
    .data            inited   0x2000'0090     0x1  stm32f0xx_hal.o [4]
                            - 0x2000'0091    0x91

"P2", part 2 of 3:                         0x36ec
  .bss               zero     0x2000'0094  0x300c  FOTA.o [2]
  .bss               zero     0x2000'30a0   0x400  GPRS.o [2]
  .bss               zero     0x2000'34a0    0xd8  FOTA.o [2]
  .bss               zero     0x2000'3578    0xac  GPRS.o [2]
  .bss               zero     0x2000'3624    0x64  GPRS.o [2]
  .bss               zero     0x2000'3688    0x64  spi.o [2]
  .bss               zero     0x2000'36f0    0x20  stm32f0xx_hal_flash.o [4]
  .bss               zero     0x2000'3710    0x14  App_RAM.o [2]
  .bss               zero     0x2000'3724     0x4  App_RAM.o [2]
  .bss               zero     0x2000'3728     0x4  App_RAM.o [2]
  .bss               zero     0x2000'372c     0x4  FOTA.o [2]
  .bss               zero     0x2000'3730     0x4  FOTA.o [2]
  .bss               zero     0x2000'3734     0x4  FOTA.o [2]
  .bss               zero     0x2000'3738     0x4  FOTA.o [2]
  .bss               zero     0x2000'373c     0x4  FOTA.o [2]
  .bss               zero     0x2000'3740     0x4  FOTA.o [2]
  .bss               zero     0x2000'3744     0x4  FOTA.o [2]
  .bss               zero     0x2000'3748     0x4  GPRS.o [2]
  .bss               zero     0x2000'374c     0x4  stm32f0xx_hal.o [4]
  .bss               zero     0x2000'3750     0x4  xfail_s.o [5]
  .bss               zero     0x2000'3754     0x2  App_RAM.o [2]
  .bss               zero     0x2000'3756     0x2  App_RAM.o [2]
  .bss               zero     0x2000'3758     0x2  App_RAM.o [2]
  .bss               zero     0x2000'375a     0x2  FOTA.o [2]
  .bss               zero     0x2000'375c     0x1  App_RAM.o [2]
  .bss               zero     0x2000'375d     0x1  App_RAM.o [2]
  .bss               zero     0x2000'375e     0x1  App_RAM.o [2]
  .bss               zero     0x2000'375f     0x1  App_RAM.o [2]
  .bss               zero     0x2000'3760     0x1  App_RAM.o [2]
  .bss               zero     0x2000'3761     0x1  App_RAM.o [2]
  .bss               zero     0x2000'3762     0x1  App_RAM.o [2]
  .bss               zero     0x2000'3763     0x1  App_RAM.o [2]
  .bss               zero     0x2000'3764     0x1  App_RAM.o [2]
  .bss               zero     0x2000'3765     0x1  App_RAM.o [2]
  .bss               zero     0x2000'3766     0x1  App_RAM.o [2]
  .bss               zero     0x2000'3767     0x1  App_RAM.o [2]
  .bss               zero     0x2000'3768     0x1  App_RAM.o [2]
  .bss               zero     0x2000'3769     0x1  App_RAM.o [2]
  .bss               zero     0x2000'376a     0x1  App_RAM.o [2]
  .bss               zero     0x2000'376b     0x1  App_RAM.o [2]
  .bss               zero     0x2000'376c     0x1  FOTA.o [2]
  .bss               zero     0x2000'376d     0x1  FOTA.o [2]
  .bss               zero     0x2000'376e     0x1  FOTA.o [2]
  .bss               zero     0x2000'376f     0x1  FOTA.o [2]
  .bss               zero     0x2000'3770     0x1  FOTA.o [2]
  .bss               zero     0x2000'3771     0x1  FOTA.o [2]
  .bss               zero     0x2000'3772     0x1  FOTA.o [2]
  .bss               zero     0x2000'3773     0x1  FOTA.o [2]
  .bss               zero     0x2000'3774     0x1  GPRS.o [2]
  .bss               zero     0x2000'3775     0x1  GPRS.o [2]
  .bss               zero     0x2000'3776     0x1  GPRS.o [2]
  .bss               zero     0x2000'3777     0x1  GPRS.o [2]
  .bss               zero     0x2000'3778     0x1  GPRS.o [2]
  .bss               zero     0x2000'3779     0x1  GPRS.o [2]
  .bss               zero     0x2000'377a     0x1  GPRS.o [2]
  .bss               zero     0x2000'377b     0x1  GPRS.o [2]
  .bss               zero     0x2000'377c     0x1  GPRS.o [2]
                            - 0x2000'377d  0x36e9

"P2", part 3 of 3:                          0x400
  CSTACK                      0x2000'3780   0x400  <Block>
    CSTACK           uninit   0x2000'3780   0x400  <Block tail>
                            - 0x2000'3b80   0x400

Unused ranges:

         From           To      Size
         ----           --      ----
   0x800'6e71   0x803'ffff  0x3'918f
  0x2000'0091  0x2000'0093       0x3
  0x2000'3b80  0x2000'7fff    0x4480


*******************************************************************************
*** INIT TABLE
***

          Address      Size
          -------      ----
Zero (__iar_zero_init3)
    1 destination range, total size 0x36e9:
          0x2000'0094  0x36e9

Copy/lz77 (__iar_lz77_init_single3)
    1 source range, total size 0x4b (51% of destination):
           0x800'6e26    0x4b
    1 destination range, total size 0x91:
          0x2000'0000    0x91



*******************************************************************************
*** MODULE SUMMARY
***

    Module                    ro code  ro data  rw data
    ------                    -------  -------  -------
command line/config:
    ---------------------------------------------------
    Total:

D:\CODE\COMPANIES\ARODA FOTA\RODA_TRACK FOTA\EWARM\ARODA FOTA\Obj\CMSIS_6603591812247902717.dir: [1]
    system_stm32f0xx.o              2       26        4
    ---------------------------------------------------
    Total:                          2       26        4

D:\CODE\COMPANIES\ARODA FOTA\RODA_TRACK FOTA\EWARM\ARODA FOTA\Obj\Core_13247989168731456611.dir: [2]
    App_RAM.o                                1       53
    FOTA.o                      2'944       90   12'558
    GPRS.o                      3'376      597    1'310
    Misc_Function.o               732       64
    SMS.o                         544      572
    SPI_FLASH.o                   744        1
    gpio.o                        288
    main.o                        490
    rtc.o                         248
    spi.o                         284               100
    stm32f0xx_hal_msp.o            52
    stm32f0xx_it.o                740       92
    usart.o                       468
    ---------------------------------------------------
    Total:                     10'910    1'417   14'021

D:\CODE\COMPANIES\ARODA FOTA\RODA_TRACK FOTA\EWARM\ARODA FOTA\Obj\EWARM_18443280873093131863.dir: [3]
    startup_stm32f091xc.o         264
    ---------------------------------------------------
    Total:                        264

D:\CODE\COMPANIES\ARODA FOTA\RODA_TRACK FOTA\EWARM\ARODA FOTA\Obj\STM32F0xx_HAL_Driver_12736992878974344111.dir: [4]
    stm32f0xx_hal.o               148        3        9
    stm32f0xx_hal_cortex.o        220
    stm32f0xx_hal_flash.o         328                32
    stm32f0xx_hal_flash_ex.o      612
    stm32f0xx_hal_gpio.o          504
    stm32f0xx_hal_rcc.o         1'904       32
    stm32f0xx_hal_rcc_ex.o        372
    stm32f0xx_hal_spi.o         1'982
    stm32f0xx_ll_gpio.o           308
    stm32f0xx_ll_rcc.o            636
    stm32f0xx_ll_rtc.o            924
    stm32f0xx_ll_usart.o          396
    stm32f0xx_ll_utils.o           40
    ---------------------------------------------------
    Total:                      8'374       35       41

dl6M_tlf.a: [5]
    abort.o                        10
    exit.o                          8
    iar_Stoulx.o                  356       80
    islower.o                      18
    isspace.o                      18
    low_level_init.o                4
    sprintf.o                      64
    strstr.o                       46
    tolower.o                      18
    toupper.o                      18
    xfail_s.o                      72                 4
    xlocale_c.o                    80       71      128
    xprintffull_nomb.o          3'962      106
    xsprout.o                      10
    ---------------------------------------------------
    Total:                      4'684      257      132

m6M_tl.a: [6]
    DblAddSub.o                   424
    DblCmpGe.o                     50
    DblCmpLe.o                     50
    DblDiv.o                      194
    DblMul.o                      388
    DblToI32.o                     82
    IxxToDbl.o                     52
    frexp.o                        42
    ldexp.o                       112
    ---------------------------------------------------
    Total:                      1'394

rt6M_tl.a: [7]
    ABImemcpy.o                    78
    ABImemset.o                    78
    I32DivModFast.o               224
    I64DivMod.o                   124
    I64DivZer.o                     2
    IntDivZer.o                     2
    cexit.o                        10
    cmain.o                        30
    cstartup_M.o                   28
    data_init.o                    40
    lz77_init_single.o            128
    memchr.o                       22
    strchr.o                       18
    strlen.o                       14
    zero_init3.o                   60
    ---------------------------------------------------
    Total:                        858

shb_l.a: [8]
    exit.o                         20
    ---------------------------------------------------
    Total:                         20

    Gaps                                              4
    Linker created                          32    1'024
-------------------------------------------------------
    Grand Total:               26'506    1'767   15'226


*******************************************************************************
*** ENTRY LIST
***

Entry                       Address    Size  Type      Object
-----                       -------    ----  ----      ------
.iar.init_table$$Base    0x800'68b4           --   Gb  - Linker created -
.iar.init_table$$Limit   0x800'68d4           --   Gb  - Linker created -
?main                    0x800'68f5          Code  Gb  cmain.o [7]
ADC1_COMP_IRQHandler     0x800'692b          Code  Wk  startup_stm32f091xc.o [3]
AHBPrescTable            0x800'6b7c    0x10  Data  Gb  system_stm32f0xx.o [1]
APBPrescTable            0x800'6df8     0x8  Data  Gb  system_stm32f0xx.o [1]
App_Init                 0x800'4d5f   0x1bc  Code  Gb  Misc_Function.o [2]
CEC_CAN_IRQHandler       0x800'6e21          Code  Wk  startup_stm32f091xc.o [3]
CSTACK$$Base            0x2000'3780           --   Gb  - Linker created -
CSTACK$$Limit           0x2000'3b80           --   Gb  - Linker created -
Check_Signal_Nw_GPRS     0x800'1f41   0x14a  Code  Gb  GPRS.o [2]
Config_Counter          0x2000'3758     0x2  Data  Gb  App_RAM.o [2]
Config_State            0x2000'376a     0x1  Data  Gb  App_RAM.o [2]
DFU_HTTP                0x2000'34a0    0xd8  Data  Gb  FOTA.o [2]
DMA1_Ch1_IRQHandler      0x800'4727          Code  Wk  startup_stm32f091xc.o [3]
DMA1_Ch2_3_DMA2_Ch1_2_IRQHandler
                         0x800'670b          Code  Wk  startup_stm32f091xc.o [3]
DMA1_Ch4_7_DMA2_Ch3_5_IRQHandler
                         0x800'691f          Code  Wk  startup_stm32f091xc.o [3]
DataErr                  0x800'2a35    0x12  Code  Gb  FOTA.o [2]
Data_WaitTime           0x2000'376c     0x1  Data  Gb  FOTA.o [2]
EC200_ONTime            0x2000'008e     0x1  Data  Gb  App_RAM.o [2]
EXTI0_1_IRQHandler       0x800'1847          Code  Wk  startup_stm32f091xc.o [3]
EXTI2_3_IRQHandler       0x800'25bb          Code  Wk  startup_stm32f091xc.o [3]
EXTI4_15_IRQHandler      0x800'33ab          Code  Wk  startup_stm32f091xc.o [3]
Error_Handler            0x800'4721     0x6  Code  Gb  main.o [2]
FLASH_IRQHandler         0x800'183f          Code  Wk  startup_stm32f091xc.o [3]
FLASH_OB_EnableWRP       0x800'3a39   0x10a  Code  Gb  stm32f0xx_hal_flash_ex.o [4]
FLASH_OB_GetRDP          0x800'3bc3    0x1e  Code  Lc  stm32f0xx_hal_flash_ex.o [4]
FLASH_OB_GetWRP          0x800'3bbd     0x6  Code  Lc  stm32f0xx_hal_flash_ex.o [4]
FLASH_OB_RDP_LevelConfig
                         0x800'3b49    0x6c  Code  Gb  stm32f0xx_hal_flash_ex.o [4]
FLASH_PageErase          0x800'3bed    0x1e  Code  Gb  stm32f0xx_hal_flash_ex.o [4]
FLASH_Program_HalfWord   0x800'3905    0x18  Code  Gb  stm32f0xx_hal_flash.o [4]
FLASH_SetErrorCode       0x800'396d    0x3e  Code  Lc  stm32f0xx_hal_flash.o [4]
FLASH_WaitForLastOperation
                         0x800'391d    0x50  Code  Gb  stm32f0xx_hal_flash.o [4]
FileLength              0x2000'3740     0x4  Data  Gb  FOTA.o [2]
FileLoc                 0x2000'3744     0x4  Data  Gb  FOTA.o [2]
Flag_APNSet             0x2000'3778     0x1  Data  Gb  GPRS.o [2]
Flag_Download           0x2000'375f     0x1  Data  Gb  App_RAM.o [2]
Flag_Error              0x2000'3764     0x1  Data  Gb  App_RAM.o [2]
Flag_FOTA_DONE          0x2000'375c     0x1  Data  Gb  App_RAM.o [2]
Flag_FWFail             0x2000'3773     0x1  Data  Gb  FOTA.o [2]
Flag_FlashProg          0x2000'376e     0x1  Data  Gb  FOTA.o [2]
Flag_GetFile            0x2000'376f     0x1  Data  Gb  FOTA.o [2]
Flag_Init_GPRS          0x2000'375e     0x1  Data  Gb  App_RAM.o [2]
Flag_LoadProg           0x2000'3772     0x1  Data  Gb  FOTA.o [2]
Flag_MODULE_EC200_RST   0x2000'375d     0x1  Data  Gb  App_RAM.o [2]
Flag_ModemError         0x2000'3775     0x1  Data  Gb  GPRS.o [2]
Flag_ModemOK            0x2000'3774     0x1  Data  Gb  GPRS.o [2]
Flag_ModemRdy           0x2000'3761     0x1  Data  Gb  App_RAM.o [2]
Flag_Modem_process_ongoing
                        0x2000'3765     0x1  Data  Gb  App_RAM.o [2]
Flag_NoResp             0x2000'3760     0x1  Data  Gb  App_RAM.o [2]
Flag_SaveFlash          0x2000'3771     0x1  Data  Gb  FOTA.o [2]
Flag_Second             0x2000'3763     0x1  Data  Gb  App_RAM.o [2]
Flag_TryCnt             0x2000'376d     0x1  Data  Gb  FOTA.o [2]
Flag_ValidNetwork       0x2000'3776     0x1  Data  Gb  GPRS.o [2]
Flag_WriteFile          0x2000'3770     0x1  Data  Gb  FOTA.o [2]
Flag_WrongIMEI          0x2000'3777     0x1  Data  Gb  GPRS.o [2]
Flag_mSec               0x2000'3762     0x1  Data  Gb  App_RAM.o [2]
FlashAddress            0x2000'3734     0x4  Data  Gb  FOTA.o [2]
GPRSData                0x2000'3578    0xac  Data  Gb  GPRS.o [2]
GPRS_Buffer             0x2000'30a0   0x400  Data  Gb  GPRS.o [2]
GPRS_Count              0x2000'3748     0x4  Data  Gb  GPRS.o [2]
GPRS_ModemErr           0x2000'376b     0x1  Data  Gb  App_RAM.o [2]
GPRS_SendBuffer         0x2000'3624    0x64  Data  Gb  GPRS.o [2]
GP_Counter              0x2000'3756     0x2  Data  Gb  App_RAM.o [2]
GP_timer                 0x800'4f25    0x50  Code  Gb  Misc_Function.o [2]
Get_APN_Routine          0x800'2311   0x1f4  Code  Gb  GPRS.o [2]
Get_CSQ                 0x2000'3766     0x1  Data  Gb  App_RAM.o [2]
Get_Firmware             0x800'2819   0x20c  Code  Gb  FOTA.o [2]
HAL_FLASHEx_OBErase      0x800'39cd    0x60  Code  Gb  stm32f0xx_hal_flash_ex.o [4]
HAL_FLASH_Lock           0x800'38af     0xe  Code  Gb  stm32f0xx_hal_flash.o [4]
HAL_FLASH_OB_Launch      0x800'38e9    0x16  Code  Gb  stm32f0xx_hal_flash.o [4]
HAL_FLASH_OB_Lock        0x800'38d9     0xe  Code  Gb  stm32f0xx_hal_flash.o [4]
HAL_FLASH_OB_Unlock      0x800'38bd    0x1c  Code  Gb  stm32f0xx_hal_flash.o [4]
HAL_FLASH_Unlock         0x800'3885    0x2a  Code  Gb  stm32f0xx_hal_flash.o [4]
HAL_GPIO_Init            0x800'4729   0x1ce  Code  Gb  stm32f0xx_hal_gpio.o [4]
HAL_GetTick              0x800'4415     0xc  Code  Wk  stm32f0xx_hal.o [4]
HAL_IncTick              0x800'6609    0x18  Code  Wk  stm32f0xx_hal.o [4]
HAL_Init                 0x800'4921    0x1a  Code  Gb  stm32f0xx_hal.o [4]
HAL_InitTick             0x800'58ed    0x50  Code  Wk  stm32f0xx_hal.o [4]
HAL_MspInit              0x800'593d    0x34  Code  Gb  stm32f0xx_hal_msp.o [2]
HAL_NVIC_SetPriority     0x800'6073    0x14  Code  Gb  stm32f0xx_hal_cortex.o [4]
HAL_RCCEx_PeriphCLKConfig
                         0x800'5779   0x14c  Code  Gb  stm32f0xx_hal_rcc_ex.o [4]
HAL_RCC_ClockConfig      0x800'5569   0x13a  Code  Gb  stm32f0xx_hal_rcc.o [4]
HAL_RCC_GetSysClockFreq
                         0x800'56b9    0x8a  Code  Gb  stm32f0xx_hal_rcc.o [4]
HAL_RCC_GetSysClockFreq::aPLLMULFactorTable
                         0x800'6b5c    0x10  Data  Lc  stm32f0xx_hal_rcc.o [4]
HAL_RCC_GetSysClockFreq::aPredivFactorTable
                         0x800'6b6c    0x10  Data  Lc  stm32f0xx_hal_rcc.o [4]
HAL_RCC_OscConfig        0x800'5009   0x550  Code  Gb  stm32f0xx_hal_rcc.o [4]
HAL_SPI_Init             0x800'3c55   0x10c  Code  Gb  stm32f0xx_hal_spi.o [4]
HAL_SPI_MspInit          0x800'4471    0xac  Code  Gb  spi.o [2]
HAL_SPI_Transmit         0x800'3d61   0x1e0  Code  Gb  stm32f0xx_hal_spi.o [4]
HAL_SPI_TransmitReceive
                         0x800'3f4d   0x288  Code  Gb  stm32f0xx_hal_spi.o [4]
HAL_SYSTICK_Config       0x800'6087     0xc  Code  Gb  stm32f0xx_hal_cortex.o [4]
HardFault_Handler        0x800'635f     0xa  Code  Gb  stm32f0xx_it.o [2]
I2C1_IRQHandler          0x800'6e15          Code  Wk  startup_stm32f091xc.o [3]
I2C2_IRQHandler          0x800'6e17          Code  Wk  startup_stm32f091xc.o [3]
IAP_Counter             0x2000'377a     0x1  Data  Gb  GPRS.o [2]
IAP_Status              0x2000'3779     0x1  Data  Gb  GPRS.o [2]
INIT_GPRS_Modem          0x800'1869   0x41c  Code  Gb  GPRS.o [2]
Init_Time               0x2000'008f     0x1  Data  Gb  GPRS.o [2]
JumpAddress             0x2000'3728     0x4  Data  Gb  App_RAM.o [2]
Jump_To_Application     0x2000'372c     0x4  Data  Gb  FOTA.o [2]
LL_AHB1_GRP1_EnableClock
                         0x800'4945    0x16  Code  Lc  gpio.o [2]
LL_AHB1_GRP1_EnableClock
                         0x800'4c31    0x16  Code  Lc  usart.o [2]
LL_APB1_GRP2_EnableClock
                         0x800'4c47    0x16  Code  Lc  usart.o [2]
LL_GPIO_Init             0x800'5a2b    0x7a  Code  Gb  stm32f0xx_ll_gpio.o [4]
LL_GPIO_SetAFPin_0_7     0x800'59d7    0x24  Code  Lc  stm32f0xx_ll_gpio.o [4]
LL_GPIO_SetAFPin_8_15    0x800'59fb    0x30  Code  Lc  stm32f0xx_ll_gpio.o [4]
LL_GPIO_SetOutputPin     0x800'4941     0x4  Code  Lc  gpio.o [2]
LL_GPIO_SetPinMode       0x800'5971    0x1c  Code  Lc  stm32f0xx_ll_gpio.o [4]
LL_GPIO_SetPinOutputType
                         0x800'598d    0x12  Code  Lc  stm32f0xx_ll_gpio.o [4]
LL_GPIO_SetPinPull       0x800'59bb    0x1c  Code  Lc  stm32f0xx_ll_gpio.o [4]
LL_GPIO_SetPinSpeed      0x800'599f    0x1c  Code  Lc  stm32f0xx_ll_gpio.o [4]
LL_RCC_EnableRTC         0x800'4a99     0xe  Code  Lc  rtc.o [2]
LL_RCC_GetAHBPrescaler   0x800'60cb     0xa  Code  Lc  stm32f0xx_ll_rcc.o [4]
LL_RCC_GetAPB1Prescaler
                         0x800'60d5     0xc  Code  Lc  stm32f0xx_ll_rcc.o [4]
LL_RCC_GetSysClkSource   0x800'60c1     0xa  Code  Lc  stm32f0xx_ll_rcc.o [4]
LL_RCC_GetSystemClocksFreq
                         0x800'6113    0x1c  Code  Gb  stm32f0xx_ll_rcc.o [4]
LL_RCC_GetUSARTClockFreq
                         0x800'612f    0xfa  Code  Gb  stm32f0xx_ll_rcc.o [4]
LL_RCC_GetUSARTClockSource
                         0x800'60e1    0x10  Code  Lc  stm32f0xx_ll_rcc.o [4]
LL_RCC_HSI_IsReady       0x800'60a9     0xc  Code  Lc  stm32f0xx_ll_rcc.o [4]
LL_RCC_LSE_IsReady       0x800'60b5     0xc  Code  Lc  stm32f0xx_ll_rcc.o [4]
LL_RCC_PLL_GetMainSource
                         0x800'60f1     0xc  Code  Lc  stm32f0xx_ll_rcc.o [4]
LL_RCC_PLL_GetMultiplicator
                         0x800'60fd     0xc  Code  Lc  stm32f0xx_ll_rcc.o [4]
LL_RCC_PLL_GetPrediv     0x800'6109     0xa  Code  Lc  stm32f0xx_ll_rcc.o [4]
LL_RTC_BAK_GetRegister   0x800'4d51     0xe  Code  Lc  Misc_Function.o [2]
LL_RTC_BAK_GetRegister   0x800'4a8b     0xe  Code  Lc  rtc.o [2]
LL_RTC_BAK_GetRegister   0x800'25e1     0xe  Code  Lc  SMS.o [2]
LL_RTC_BAK_SetRegister   0x800'27f1    0x10  Code  Lc  FOTA.o [2]
LL_RTC_BAK_SetRegister   0x800'4551    0x10  Code  Lc  main.o [2]
LL_RTC_BAK_SetRegister   0x800'4d41    0x10  Code  Lc  Misc_Function.o [2]
LL_RTC_BAK_SetRegister   0x800'4a7b    0x10  Code  Lc  rtc.o [2]
LL_RTC_BAK_SetRegister   0x800'25d1    0x10  Code  Lc  SMS.o [2]
LL_RTC_ClearFlag_RS      0x800'5b67    0x10  Code  Lc  stm32f0xx_ll_rtc.o [4]
LL_RTC_DATE_Config       0x800'5b27    0x2c  Code  Lc  stm32f0xx_ll_rtc.o [4]
LL_RTC_DATE_Init         0x800'5cbf    0xdc  Code  Gb  stm32f0xx_ll_rtc.o [4]
LL_RTC_DisableInitMode   0x800'5ac1     0x8  Code  Lc  stm32f0xx_ll_rtc.o [4]
LL_RTC_DisableWriteProtection
                         0x800'5af3     0xa  Code  Lc  stm32f0xx_ll_rtc.o [4]
LL_RTC_EnableInitMode    0x800'5ab9     0x8  Code  Lc  stm32f0xx_ll_rtc.o [4]
LL_RTC_EnableWriteProtection
                         0x800'5aed     0x6  Code  Lc  stm32f0xx_ll_rtc.o [4]
LL_RTC_EnterInitMode     0x800'5d9b    0x58  Code  Gb  stm32f0xx_ll_rtc.o [4]
LL_RTC_GetHourFormat     0x800'5ab1     0x8  Code  Lc  stm32f0xx_ll_rtc.o [4]
LL_RTC_Init              0x800'5b95    0x46  Code  Gb  stm32f0xx_ll_rtc.o [4]
LL_RTC_IsActiveFlag_INIT
                         0x800'5b53     0xa  Code  Lc  stm32f0xx_ll_rtc.o [4]
LL_RTC_IsActiveFlag_RS   0x800'5b5d     0xa  Code  Lc  stm32f0xx_ll_rtc.o [4]
LL_RTC_IsShadowRegBypassEnabled
                         0x800'5ac9     0xa  Code  Lc  stm32f0xx_ll_rtc.o [4]
LL_RTC_SetAsynchPrescaler
                         0x800'4a61     0xe  Code  Lc  rtc.o [2]
LL_RTC_SetAsynchPrescaler
                         0x800'5ad3     0xe  Code  Lc  stm32f0xx_ll_rtc.o [4]
LL_RTC_SetHourFormat     0x800'5aa5     0xc  Code  Lc  stm32f0xx_ll_rtc.o [4]
LL_RTC_SetSynchPrescaler
                         0x800'4a6f     0xc  Code  Lc  rtc.o [2]
LL_RTC_SetSynchPrescaler
                         0x800'5ae1     0xc  Code  Lc  stm32f0xx_ll_rtc.o [4]
LL_RTC_TIME_Config       0x800'5afd    0x2a  Code  Lc  stm32f0xx_ll_rtc.o [4]
LL_RTC_TIME_Init         0x800'5bdb    0xe4  Code  Gb  stm32f0xx_ll_rtc.o [4]
LL_RTC_WaitForSynchro    0x800'5df3    0x4e  Code  Gb  stm32f0xx_ll_rtc.o [4]
LL_SYSTICK_IsActiveCounterFlag
                         0x800'5b77     0xc  Code  Lc  stm32f0xx_ll_rtc.o [4]
LL_USART_ClearFlag_EOB   0x800'6353     0x8  Code  Lc  stm32f0xx_it.o [2]
LL_USART_ClearFlag_FE    0x800'6335     0x6  Code  Lc  stm32f0xx_it.o [2]
LL_USART_ClearFlag_IDLE
                         0x800'6347     0x6  Code  Lc  stm32f0xx_it.o [2]
LL_USART_ClearFlag_NE    0x800'633b     0x6  Code  Lc  stm32f0xx_it.o [2]
LL_USART_ClearFlag_ORE   0x800'6341     0x6  Code  Lc  stm32f0xx_it.o [2]
LL_USART_ClearFlag_PE    0x800'632f     0x6  Code  Lc  stm32f0xx_it.o [2]
LL_USART_ClearFlag_TC    0x800'634d     0x6  Code  Lc  stm32f0xx_it.o [2]
LL_USART_ConfigAsyncMode
                         0x800'4bef    0x12  Code  Lc  usart.o [2]
LL_USART_DisableIT_CTS   0x800'4c19    0x18  Code  Lc  usart.o [2]
LL_USART_Enable          0x800'4be5     0xa  Code  Lc  usart.o [2]
LL_USART_EnableIT_RXNE   0x800'4c01    0x18  Code  Lc  usart.o [2]
LL_USART_Init            0x800'5ead    0xee  Code  Gb  stm32f0xx_ll_usart.o [4]
LL_USART_IsActiveFlag_RXNE
                         0x800'6325     0xa  Code  Lc  stm32f0xx_it.o [2]
LL_USART_IsActiveFlag_TXE
                         0x800'185d     0xa  Code  Lc  GPRS.o [2]
LL_USART_IsEnabled       0x800'5e41     0xa  Code  Lc  stm32f0xx_ll_usart.o [4]
LL_USART_SetBaudRate     0x800'5e63    0x4a  Code  Lc  stm32f0xx_ll_usart.o [4]
LL_USART_SetHWFlowCtrl   0x800'5e57     0xc  Code  Lc  stm32f0xx_ll_usart.o [4]
LL_USART_SetStopBitsLength
                         0x800'5e4b     0xc  Code  Lc  stm32f0xx_ll_usart.o [4]
LL_mDelay                0x800'33ad    0x24  Code  Gb  stm32f0xx_ll_utils.o [4]
MX_GPIO_Init             0x800'495b    0xf6  Code  Gb  gpio.o [2]
MX_RTC_Init              0x800'4aa7    0xa0  Code  Gb  rtc.o [2]
MX_SPI1_Init             0x800'4421    0x50  Code  Gb  spi.o [2]
MX_USART1_UART_Init      0x800'4c5d    0xb0  Code  Gb  usart.o [2]
Modem_NoResp            0x2000'377c     0x1  Data  Gb  GPRS.o [2]
Modem_PutString          0x800'1ded    0x70  Code  Gb  GPRS.o [2]
NMI_Handler              0x800'635b     0x4  Code  Gb  stm32f0xx_it.o [2]
NOLs                    0x2000'3738     0x4  Data  Gb  FOTA.o [2]
PVD_VDDIO2_IRQHandler    0x800'1263          Code  Wk  startup_stm32f091xc.o [3]
PendSV_Handler           0x800'636b     0x2  Code  Gb  stm32f0xx_it.o [2]
Program_Byte            0x2000'3710    0x14  Data  Gb  App_RAM.o [2]
Program_Flash            0x800'31d5   0x132  Code  Gb  FOTA.o [2]
RCC_CRS_IRQHandler       0x800'1843          Code  Wk  startup_stm32f091xc.o [3]
RCC_GetHCLKClockFreq     0x800'6261    0x18  Code  Gb  stm32f0xx_ll_rcc.o [4]
RCC_GetPCLK1ClockFreq    0x800'627d    0x14  Code  Gb  stm32f0xx_ll_rcc.o [4]
RCC_GetSystemClockFreq   0x800'622d    0x30  Code  Gb  stm32f0xx_ll_rcc.o [4]
RCC_PLL_GetFreqDomain_SYS
                         0x800'629d    0x5a  Code  Gb  stm32f0xx_ll_rcc.o [4]
RTC_IRQHandler           0x800'1767          Code  Wk  startup_stm32f091xc.o [3]
Reg_Error               0x2000'377b     0x1  Data  Gb  GPRS.o [2]
Region$$Table$$Base      0x800'68b4           --   Gb  - Linker created -
Region$$Table$$Limit     0x800'68d4           --   Gb  - Linker created -
Reset_Handler            0x800'6b8d          Code  Wk  startup_stm32f091xc.o [3]
Rev_Buffer              0x2000'0094  0x300c  Data  Gb  FOTA.o [2]
Rev_Count               0x2000'3754     0x2  Data  Gb  App_RAM.o [2]
SMS_Init                 0x800'25ef    0x22  Code  Gb  SMS.o [2]
SPI1_IRQHandler          0x800'6e19          Code  Wk  startup_stm32f091xc.o [3]
SPI2_IRQHandler          0x800'6e1b          Code  Wk  startup_stm32f091xc.o [3]
SPIFlashAddress         0x2000'3724     0x4  Data  Gb  App_RAM.o [2]
SPI_EndRxTxTransaction   0x800'43a9    0x6a  Code  Lc  stm32f0xx_hal_spi.o [4]
SPI_FLASH_BufferRead     0x800'36a9    0x4c  Code  Gb  SPI_FLASH.o [2]
SPI_FLASH_BufferWrite    0x800'3705   0x172  Code  Gb  SPI_FLASH.o [2]
SPI_FLASH_PageWrite      0x800'35c7    0x52  Code  Gb  SPI_FLASH.o [2]
SPI_FLASH_SectorErase    0x800'366f    0x3a  Code  Gb  SPI_FLASH.o [2]
SPI_FLASH_SendByte       0x800'3655    0x1a  Code  Gb  SPI_FLASH.o [2]
SPI_FLASH_WaitForWriteEnd
                         0x800'3619    0x3c  Code  Gb  SPI_FLASH.o [2]
SPI_WaitFifoStateUntilTimeout
                         0x800'42af    0xf0  Code  Lc  stm32f0xx_hal_spi.o [4]
SPI_WaitFlagStateUntilTimeout
                         0x800'41d9    0xd6  Code  Lc  stm32f0xx_hal_spi.o [4]
SVC_Handler              0x800'6369     0x2  Code  Gb  stm32f0xx_it.o [2]
Save_Record_Try         0x2000'3767     0x1  Data  Gb  App_RAM.o [2]
Sec_Tick                0x2000'008c     0x2  Data  Gb  App_RAM.o [2]
Send_SMS                 0x800'2611   0x14c  Code  Gb  SMS.o [2]
Serial_PutData_GPRS      0x800'1ed9    0x4e  Code  Gb  GPRS.o [2]
Serial_PutString_GPRS    0x800'1e61    0x2c  Code  Gb  GPRS.o [2]
Serial_SendData_GPRS     0x800'1e99    0x28  Code  Gb  GPRS.o [2]
Set_APN                  0x800'20b9   0x1fc  Code  Gb  GPRS.o [2]
StartAddress            0x2000'3730     0x4  Data  Gb  FOTA.o [2]
StoreSPI_Flash           0x800'2ab1   0x71c  Code  Gb  FOTA.o [2]
SysTick_Config           0x800'6041    0x32  Code  Lc  stm32f0xx_hal_cortex.o [4]
SysTick_Handler          0x800'636d    0xd4  Code  Gb  stm32f0xx_it.o [2]
SystemClock_Config       0x800'465b    0x8c  Code  Gb  main.o [2]
SystemCoreClock         0x2000'0008     0x4  Data  Gb  system_stm32f0xx.o [1]
SystemInit               0x800'6e25     0x2  Code  Gb  system_stm32f0xx.o [1]
TIM14_IRQHandler         0x800'6e0d          Code  Wk  startup_stm32f091xc.o [3]
TIM15_IRQHandler         0x800'6e0f          Code  Wk  startup_stm32f091xc.o [3]
TIM16_IRQHandler         0x800'6e11          Code  Wk  startup_stm32f091xc.o [3]
TIM17_IRQHandler         0x800'6e13          Code  Wk  startup_stm32f091xc.o [3]
TIM1_BRK_UP_TRG_COM_IRQHandler
                         0x800'6e01          Code  Wk  startup_stm32f091xc.o [3]
TIM1_CC_IRQHandler       0x800'6e03          Code  Wk  startup_stm32f091xc.o [3]
TIM2_IRQHandler          0x800'6e05          Code  Wk  startup_stm32f091xc.o [3]
TIM3_IRQHandler          0x800'6e07          Code  Wk  startup_stm32f091xc.o [3]
TIM6_DAC_IRQHandler      0x800'6e09          Code  Wk  startup_stm32f091xc.o [3]
TIM7_IRQHandler          0x800'6e0b          Code  Wk  startup_stm32f091xc.o [3]
TSC_IRQHandler           0x800'4413          Code  Wk  startup_stm32f091xc.o [3]
USART1_IRQHandler        0x800'6441   0x148  Code  Gb  stm32f0xx_it.o [2]
USART2_IRQHandler        0x800'6e1d          Code  Wk  startup_stm32f091xc.o [3]
USART3_8_IRQHandler      0x800'6e1f          Code  Wk  startup_stm32f091xc.o [3]
VTS_State               0x2000'3768     0x1  Data  Gb  App_RAM.o [2]
WAIT_MODEM_RESP          0x800'1d61    0x7c  Code  Gb  GPRS.o [2]
WWDG_IRQHandler          0x800'10c3          Code  Wk  startup_stm32f091xc.o [3]
Wait                    0x2000'0000     0x4  Data  Gb  FOTA.o [2]
Wait_For_Resp            0x800'1ca1    0x9e  Code  Gb  GPRS.o [2]
Write_Loc               0x2000'375a     0x2  Data  Gb  FOTA.o [2]
WrnData                 0x2000'373c     0x4  Data  Gb  FOTA.o [2]
_LC                      0x800'00bd     0x8  Code  Lc  xprintffull_nomb.o [5]
_LitobFullNoMb           0x800'0e91   0x124  Code  Lc  xprintffull_nomb.o [5]
_LocaleC_islower         0x800'1769     0x4  Code  Gb  xlocale_c.o [5]
_LocaleC_isspace         0x800'1779    0x14  Code  Gb  xlocale_c.o [5]
_LocaleC_isupper         0x800'176d     0x2  Code  Gb  xlocale_c.o [5]
_LocaleC_tolower         0x800'178d     0xc  Code  Gb  xlocale_c.o [5]
_LocaleC_toupper         0x800'1799     0xc  Code  Gb  xlocale_c.o [5]
_Locale_lconv           0x2000'000c    0x38  Data  Lc  xlocale_c.o [5]
_PrintfFullNoMb          0x800'00c5   0xdcc  Code  Gb  xprintffull_nomb.o [5]
_PutcharsFullNoMb        0x800'1001    0x36  Code  Lc  xprintffull_nomb.o [5]
_SProut                  0x800'1037     0xa  Code  Gb  xsprout.o [5]
__ICFEDIT_region_RAM_end__ {Abs}
                        0x2000'7fff          Data  Gb  <internal module>
__ICFEDIT_region_RAM_start__ {Abs}
                        0x2000'0000          Data  Gb  <internal module>
__NVIC_EnableIRQ         0x800'4b59    0x18  Code  Lc  usart.o [2]
__NVIC_SetPriority       0x800'5fcd    0x74  Code  Lc  stm32f0xx_hal_cortex.o [4]
__NVIC_SetPriority       0x800'4b71    0x74  Code  Lc  usart.o [2]
__NVIC_SystemReset       0x800'27dd    0x14  Code  Lc  FOTA.o [2]
__NVIC_SystemReset       0x800'453d    0x14  Code  Lc  main.o [2]
__NVIC_SystemReset       0x800'4d2d    0x14  Code  Lc  Misc_Function.o [2]
__NVIC_SystemReset       0x800'25bd    0x14  Code  Lc  SMS.o [2]
__aeabi_cdcmple          0x800'113d          Code  Gb  DblCmpLe.o [6]
__aeabi_cdrcmple         0x800'116f          Code  Gb  DblCmpGe.o [6]
__aeabi_d2iz             0x800'1211          Code  Gb  DblToI32.o [6]
__aeabi_d2uiz            0x800'1235          Code  Gb  DblToI32.o [6]
__aeabi_ddiv             0x800'1521          Code  Gb  DblDiv.o [6]
__aeabi_dmul             0x800'15e3          Code  Gb  DblMul.o [6]
__aeabi_dsub             0x800'1353          Code  Gb  DblAddSub.o [6]
__aeabi_i2d              0x800'1285          Code  Gb  IxxToDbl.o [6]
__aeabi_idiv             0x800'146d          Code  Gb  I32DivModFast.o [7]
__aeabi_idiv0            0x800'1841          Code  Gb  IntDivZer.o [7]
__aeabi_idivmod          0x800'146d          Code  Gb  I32DivModFast.o [7]
__aeabi_ldiv0            0x800'1845          Code  Gb  I64DivZer.o [7]
__aeabi_memcpy           0x800'10f9          Code  Gb  ABImemcpy.o [7]
__aeabi_memcpy4          0x800'10c5          Code  Gb  ABImemcpy.o [7]
__aeabi_memcpy8          0x800'10c5          Code  Gb  ABImemcpy.o [7]
__aeabi_memset           0x800'335d          Code  Gb  ABImemset.o [7]
__aeabi_ui2d             0x800'1265          Code  Gb  IxxToDbl.o [6]
__aeabi_uidiv            0x800'1473          Code  Gb  I32DivModFast.o [7]
__aeabi_uidivmod         0x800'1473          Code  Gb  I32DivModFast.o [7]
__aeabi_uldivmod         0x800'17b9          Code  Gb  I64DivMod.o [7]
__cmain                  0x800'68f5          Code  Gb  cmain.o [7]
__exit                   0x800'1849    0x14  Code  Gb  exit.o [8]
__iar_Fail_s             0x800'1055    0x22  Code  Gb  xfail_s.o [5]
__iar_Memchr             0x800'10ad          Code  Gb  memchr.o [7]
__iar_Memcpy             0x800'1105          Code  Gb  ABImemcpy.o [7]
__iar_Memset4_word       0x800'337d          Code  Gb  ABImemset.o [7]
__iar_Memset_word        0x800'3369          Code  Gb  ABImemset.o [7]
__iar_Stoul              0x800'3521     0xa  Code  Gb  iar_Stoulx.o [5]
__iar_Stoulx             0x800'33d5   0x14c  Code  Gb  iar_Stoulx.o [5]
__iar_Strchr             0x800'1041          Code  Gb  strchr.o [7]
__iar_d2uiz              0x800'1239          Code  Gb  DblToI32.o [6]
__iar_data_init3         0x800'688d    0x28  Code  Gb  data_init.o [7]
__iar_frexp              0x800'111f          Code  Gb  frexp.o [6]
__iar_frexp64            0x800'1113          Code  Gb  frexp.o [6]
__iar_frexpl             0x800'111f          Code  Gb  frexp.o [6]
__iar_globLocale        0x2000'0044    0x48  Data  Lc  xlocale_c.o [5]
__iar_global_Locale      0x800'17a5     0x4  Code  Gb  xlocale_c.o [5]
__iar_ldexp64            0x800'11a1          Code  Gb  ldexp.o [6]
__iar_lz77_init_single3
                         0x800'6621    0x80  Code  Gb  lz77_init_single.o [7]
__iar_program_start      0x800'692d          Code  Gb  cstartup_M.o [7]
__iar_scalbln64          0x800'11a1          Code  Gb  ldexp.o [6]
__iar_scalbn64           0x800'11a1          Code  Gb  ldexp.o [6]
__iar_zero_init3         0x800'675d    0x3c  Code  Gb  zero_init3.o [7]
__low_level_init         0x800'6913     0x4  Code  Gb  low_level_init.o [5]
__vector_table           0x800'0000          Data  Gb  startup_stm32f091xc.o [3]
_call_main               0x800'6901          Code  Gb  cmain.o [7]
_exit                    0x800'6921          Code  Gb  cexit.o [7]
abort                    0x800'1835     0xa  Code  Gb  abort.o [5]
atoi                     0x800'352b     0x4  Code  Gb  iar_Stoulx.o [5]
digits                   0x800'6734    0x28  Data  Lc  iar_Stoulx.o [5]
enable_write             0x800'359d    0x2a  Code  Gb  SPI_FLASH.o [2]
exit                     0x800'6917     0x8  Code  Gb  exit.o [5]
frexp                    0x800'1113          Code  Gb  frexp.o [6]
frexpl                   0x800'1113          Code  Gb  frexp.o [6]
hspi1                   0x2000'3688    0x64  Data  Gb  spi.o [2]
islower                  0x800'3539    0x12  Code  Gb  islower.o [5]
isspace                  0x800'3c31    0x12  Code  Gb  isspace.o [5]
ldexp                    0x800'11a1          Code  Gb  ldexp.o [6]
ldexpl                   0x800'11a1          Code  Gb  ldexp.o [6]
localeconv               0x800'17a9     0x4  Code  Gb  xlocale_c.o [5]
mSec_Delay               0x800'2801    0x18  Code  Gb  FOTA.o [2]
main                     0x800'4561    0xfa  Code  Gb  main.o [2]
memchr                   0x800'10ad          Code  Gb  memchr.o [7]
ndigs                    0x800'670c    0x28  Data  Lc  iar_Stoulx.o [5]
pFlash                  0x2000'36f0    0x20  Data  Gb  stm32f0xx_hal_flash.o [4]
respond_time            0x2000'3769     0x1  Data  Gb  App_RAM.o [2]
scalbln                  0x800'11a1          Code  Gb  ldexp.o [6]
scalblnl                 0x800'11a1          Code  Gb  ldexp.o [6]
scalbn                   0x800'11a1          Code  Gb  ldexp.o [6]
scalbnl                  0x800'11a1          Code  Gb  ldexp.o [6]
scale                    0x800'0fb5    0x44  Code  Lc  xprintffull_nomb.o [5]
sec_hand                0x2000'3750     0x4  Data  Lc  xfail_s.o [5]
sprintf                  0x800'355d    0x40  Code  Gb  sprintf.o [5]
strchr                   0x800'1041          Code  Gb  strchr.o [7]
strlen                   0x800'109d          Code  Gb  strlen.o [7]
strstr                   0x800'258d    0x2e  Code  Gb  strstr.o [5]
tolower                  0x800'3c43    0x12  Code  Gb  tolower.o [5]
toupper                  0x800'354b    0x12  Code  Gb  toupper.o [5]
uwTick                  0x2000'374c     0x4  Data  Gb  stm32f0xx_hal.o [4]
uwTickFreq              0x2000'0090     0x1  Data  Gb  stm32f0xx_hal.o [4]
uwTickPrio              0x2000'0004     0x4  Data  Gb  stm32f0xx_hal.o [4]


[1] = D:\CODE\COMPANIES\ARODA FOTA\RODA_TRACK FOTA\EWARM\ARODA FOTA\Obj\CMSIS_6603591812247902717.dir
[2] = D:\CODE\COMPANIES\ARODA FOTA\RODA_TRACK FOTA\EWARM\ARODA FOTA\Obj\Core_13247989168731456611.dir
[3] = D:\CODE\COMPANIES\ARODA FOTA\RODA_TRACK FOTA\EWARM\ARODA FOTA\Obj\EWARM_18443280873093131863.dir
[4] = D:\CODE\COMPANIES\ARODA FOTA\RODA_TRACK FOTA\EWARM\ARODA FOTA\Obj\STM32F0xx_HAL_Driver_12736992878974344111.dir
[5] = dl6M_tlf.a
[6] = m6M_tl.a
[7] = rt6M_tl.a
[8] = shb_l.a

  26'506 bytes of readonly  code memory
   1'767 bytes of readonly  data memory
  15'226 bytes of readwrite data memory

Errors: none
Warnings: none
