###############################################################################
#
# IAR ELF Linker V9.40.1.364/W64 for ARM                  22/Jun/2024  23:02:33
# Copyright 2007-2023 IAR Systems AB.
#
#    Output file  =
#        D:\CODE\COMPANIES\ARODA FOTA\RODA_TRACK FOTA\EWARM\ARODA
#        FOTA\Exe\ARODA FOTA.out
#    Map file     =
#        D:\CODE\COMPANIES\ARODA FOTA\RODA_TRACK FOTA\EWARM\ARODA
#        FOTA\List\ARODA FOTA.map
#    Command line =
#        -f "D:\CODE\COMPANIES\ARODA FOTA\RODA_TRACK FOTA\EWARM\ARODA
#        FOTA\Exe\ARODA FOTA.out.rsp" ("D:\CODE\COMPANIES\ARODA FOTA\RODA_TRACK
#        FOTA\EWARM\ARODA FOTA\Obj\Core_13247989168731456611.dir\App_RAM.o"
#        "D:\CODE\COMPANIES\ARODA FOTA\RODA_TRACK FOTA\EWARM\ARODA
#        FOTA\Obj\Core_13247989168731456611.dir\FOTA.o"
#        "D:\CODE\COMPANIES\ARODA FOTA\RODA_TRACK FOTA\EWARM\ARODA
#        FOTA\Obj\Core_13247989168731456611.dir\gpio.o"
#        "D:\CODE\COMPANIES\ARODA FOTA\RODA_TRACK FOTA\EWARM\ARODA
#        FOTA\Obj\Core_13247989168731456611.dir\GPRS.o"
#        "D:\CODE\COMPANIES\ARODA FOTA\RODA_TRACK FOTA\EWARM\ARODA
#        FOTA\Obj\Core_13247989168731456611.dir\main.o"
#        "D:\CODE\COMPANIES\ARODA FOTA\RODA_TRACK FOTA\EWARM\ARODA
#        FOTA\Obj\Core_13247989168731456611.dir\Misc_Function.o"
#        "D:\CODE\COMPANIES\ARODA FOTA\RODA_TRACK FOTA\EWARM\ARODA
#        FOTA\Obj\Core_13247989168731456611.dir\rtc.o" "D:\CODE\COMPANIES\ARODA
#        FOTA\RODA_TRACK FOTA\EWARM\ARODA
#        FOTA\Obj\Core_13247989168731456611.dir\SMS.o" "D:\CODE\COMPANIES\ARODA
#        FOTA\RODA_TRACK FOTA\EWARM\ARODA
#        FOTA\Obj\EWARM_18443280873093131863.dir\startup_stm32f091xc.o"
#        "D:\CODE\COMPANIES\ARODA FOTA\RODA_TRACK FOTA\EWARM\ARODA
#        FOTA\Obj\STM32F0xx_HAL_Driver_12736992878974344111.dir\stm32f0xx_hal.o"
#        "D:\CODE\COMPANIES\ARODA FOTA\RODA_TRACK FOTA\EWARM\ARODA
#        FOTA\Obj\STM32F0xx_HAL_Driver_12736992878974344111.dir\stm32f0xx_hal_cortex.o"
#        "D:\CODE\COMPANIES\ARODA FOTA\RODA_TRACK FOTA\EWARM\ARODA
#        FOTA\Obj\STM32F0xx_HAL_Driver_12736992878974344111.dir\stm32f0xx_hal_dma.o"
#        "D:\CODE\COMPANIES\ARODA FOTA\RODA_TRACK FOTA\EWARM\ARODA
#        FOTA\Obj\STM32F0xx_HAL_Driver_12736992878974344111.dir\stm32f0xx_hal_exti.o"
#        "D:\CODE\COMPANIES\ARODA FOTA\RODA_TRACK FOTA\EWARM\ARODA
#        FOTA\Obj\STM32F0xx_HAL_Driver_12736992878974344111.dir\stm32f0xx_hal_flash.o"
#        "D:\CODE\COMPANIES\ARODA FOTA\RODA_TRACK FOTA\EWARM\ARODA
#        FOTA\Obj\STM32F0xx_HAL_Driver_12736992878974344111.dir\stm32f0xx_hal_flash_ex.o"
#        "D:\CODE\COMPANIES\ARODA FOTA\RODA_TRACK FOTA\EWARM\ARODA
#        FOTA\Obj\STM32F0xx_HAL_Driver_12736992878974344111.dir\stm32f0xx_hal_gpio.o"
#        "D:\CODE\COMPANIES\ARODA FOTA\RODA_TRACK FOTA\EWARM\ARODA
#        FOTA\Obj\STM32F0xx_HAL_Driver_12736992878974344111.dir\stm32f0xx_hal_i2c.o"
#        "D:\CODE\COMPANIES\ARODA FOTA\RODA_TRACK FOTA\EWARM\ARODA
#        FOTA\Obj\STM32F0xx_HAL_Driver_12736992878974344111.dir\stm32f0xx_hal_i2c_ex.o"
#        "D:\CODE\COMPANIES\ARODA FOTA\RODA_TRACK FOTA\EWARM\ARODA
#        FOTA\Obj\Core_13247989168731456611.dir\stm32f0xx_hal_msp.o"
#        "D:\CODE\COMPANIES\ARODA FOTA\RODA_TRACK FOTA\EWARM\ARODA
#        FOTA\Obj\STM32F0xx_HAL_Driver_12736992878974344111.dir\stm32f0xx_hal_pwr.o"
#        "D:\CODE\COMPANIES\ARODA FOTA\RODA_TRACK FOTA\EWARM\ARODA
#        FOTA\Obj\STM32F0xx_HAL_Driver_12736992878974344111.dir\stm32f0xx_hal_pwr_ex.o"
#        "D:\CODE\COMPANIES\ARODA FOTA\RODA_TRACK FOTA\EWARM\ARODA
#        FOTA\Obj\STM32F0xx_HAL_Driver_12736992878974344111.dir\stm32f0xx_hal_rcc.o"
#        "D:\CODE\COMPANIES\ARODA FOTA\RODA_TRACK FOTA\EWARM\ARODA
#        FOTA\Obj\STM32F0xx_HAL_Driver_12736992878974344111.dir\stm32f0xx_hal_rcc_ex.o"
#        "D:\CODE\COMPANIES\ARODA FOTA\RODA_TRACK FOTA\EWARM\ARODA
#        FOTA\Obj\STM32F0xx_HAL_Driver_12736992878974344111.dir\stm32f0xx_hal_tim.o"
#        "D:\CODE\COMPANIES\ARODA FOTA\RODA_TRACK FOTA\EWARM\ARODA
#        FOTA\Obj\STM32F0xx_HAL_Driver_12736992878974344111.dir\stm32f0xx_hal_tim_ex.o"
#        "D:\CODE\COMPANIES\ARODA FOTA\RODA_TRACK FOTA\EWARM\ARODA
#        FOTA\Obj\Core_13247989168731456611.dir\stm32f0xx_it.o"
#        "D:\CODE\COMPANIES\ARODA FOTA\RODA_TRACK FOTA\EWARM\ARODA
#        FOTA\Obj\STM32F0xx_HAL_Driver_12736992878974344111.dir\stm32f0xx_ll_dma.o"
#        "D:\CODE\COMPANIES\ARODA FOTA\RODA_TRACK FOTA\EWARM\ARODA
#        FOTA\Obj\STM32F0xx_HAL_Driver_12736992878974344111.dir\stm32f0xx_ll_exti.o"
#        "D:\CODE\COMPANIES\ARODA FOTA\RODA_TRACK FOTA\EWARM\ARODA
#        FOTA\Obj\STM32F0xx_HAL_Driver_12736992878974344111.dir\stm32f0xx_ll_gpio.o"
#        "D:\CODE\COMPANIES\ARODA FOTA\RODA_TRACK FOTA\EWARM\ARODA
#        FOTA\Obj\STM32F0xx_HAL_Driver_12736992878974344111.dir\stm32f0xx_ll_rcc.o"
#        "D:\CODE\COMPANIES\ARODA FOTA\RODA_TRACK FOTA\EWARM\ARODA
#        FOTA\Obj\STM32F0xx_HAL_Driver_12736992878974344111.dir\stm32f0xx_ll_rtc.o"
#        "D:\CODE\COMPANIES\ARODA FOTA\RODA_TRACK FOTA\EWARM\ARODA
#        FOTA\Obj\STM32F0xx_HAL_Driver_12736992878974344111.dir\stm32f0xx_ll_usart.o"
#        "D:\CODE\COMPANIES\ARODA FOTA\RODA_TRACK FOTA\EWARM\ARODA
#        FOTA\Obj\STM32F0xx_HAL_Driver_12736992878974344111.dir\stm32f0xx_ll_utils.o"
#        "D:\CODE\COMPANIES\ARODA FOTA\RODA_TRACK FOTA\EWARM\ARODA
#        FOTA\Obj\CMSIS_6603591812247902717.dir\system_stm32f0xx.o"
#        "D:\CODE\COMPANIES\ARODA FOTA\RODA_TRACK FOTA\EWARM\ARODA
#        FOTA\Obj\Core_13247989168731456611.dir\usart.o" --no_out_extension -o
#        "D:\CODE\COMPANIES\ARODA FOTA\RODA_TRACK FOTA\EWARM\ARODA
#        FOTA\Exe\ARODA FOTA.out" --redirect _Printf=_PrintfFullNoMb --redirect
#        _Scanf=_ScanfFullNoMb --map "D:\CODE\COMPANIES\ARODA FOTA\RODA_TRACK
#        FOTA\EWARM\ARODA FOTA\List\ARODA FOTA.map" --config
#        "D:\CODE\COMPANIES\ARODA FOTA\RODA_TRACK
#        FOTA\EWARM/stm32f091xc_flash.icf" --semihosting --entry
#        __iar_program_start --vfe --text_out locale --cpu=Cortex-M0
#        --fpu=None) --dependencies=n "D:\CODE\COMPANIES\ARODA FOTA\RODA_TRACK
#        FOTA\EWARM\ARODA FOTA\Exe\ARODA FOTA.out.iar_deps"
#
###############################################################################

*******************************************************************************
*** RUNTIME MODEL ATTRIBUTES
***

CppFlavor       = *
__CPP_Runtime   = 1
__Heap_Handler  = Basic
__SystemLibrary = DLib
__dlib_version  = 6


*******************************************************************************
*** HEAP SELECTION
***

The basic heap was selected because --advanced_heap
was not specified and the application did not appear to
be primarily optimized for speed.


*******************************************************************************
*** PLACEMENT SUMMARY
***

"A0":  place at address 0x800'0000 { ro section .intvec };
"P1":  place in [from 0x800'0000 to 0x803'ffff] { ro };
define block CSTACK with size = 1K, alignment = 8 { };
define block HEAP with size = 512, alignment = 8 { };
"P2":  place in [from 0x2000'0000 to 0x2000'7fff] {
          rw, block CSTACK, block HEAP };
initialize by copy { rw };

  Section            Kind         Address    Size  Object
  -------            ----         -------    ----  ------
"A0":                                        0xbc
  .intvec            ro code   0x800'0000    0xbc  startup_stm32f091xc.o [3]
                             - 0x800'00bc    0xbc

"P1":                                      0x7cdc
  .text              ro code   0x800'00bc   0xf7a  xprintffull_nomb.o [5]
  .text              ro code   0x800'1036    0x22  xsscin.o [5]
  .text              ro code   0x800'1058    0x12  strchr.o [7]
  .text              ro code   0x800'106a     0xa  xsprout.o [5]
  .text              ro code   0x800'1074    0x48  xfail_s.o [5]
  .text              ro code   0x800'10bc     0xe  strlen.o [7]
  .rodata            const     0x800'10ca     0x2  xlocale_c.o [5]
  .text              ro code   0x800'10cc    0x16  memchr.o [7]
  .rodata            const     0x800'10e2     0x2  xlocale_c.o [5]
  .text              ro code   0x800'10e4    0x4e  ABImemcpy.o [7]
  .text              ro code   0x800'1132    0x2a  frexp.o [6]
  .text              ro code   0x800'115c    0x32  DblCmpLe.o [6]
  .text              ro code   0x800'118e    0x32  DblCmpGe.o [6]
  .text              ro code   0x800'11c0    0x70  ldexp.o [6]
  .text              ro code   0x800'1230    0x52  DblToI32.o [6]
  .text              ro code   0x800'1282     0x2  startup_stm32f091xc.o [3]
  .text              ro code   0x800'1284    0x34  IxxToDbl.o [6]
  .text              ro code   0x800'12b8   0x1b4  DblAddSub.o [6]
  .text              ro code   0x800'146c    0xe0  I32DivModFast.o [7]
  .text              ro code   0x800'154c    0xc2  DblDiv.o [6]
  .text              ro code   0x800'160e   0x184  DblMul.o [6]
  .text              ro code   0x800'1792     0x2  startup_stm32f091xc.o [3]
  .text              ro code   0x800'1794    0x5c  xlocale_c.o [5]
  .text              ro code   0x800'17f0    0x7c  I64DivMod.o [7]
  .text              ro code   0x800'186c     0xa  abort.o [5]
  .text              ro code   0x800'1876     0x2  startup_stm32f091xc.o [3]
  .text              ro code   0x800'1878     0x2  IntDivZer.o [7]
  .text              ro code   0x800'187a     0x2  startup_stm32f091xc.o [3]
  .text              ro code   0x800'187c     0x2  I64DivZer.o [7]
  .text              ro code   0x800'187e     0x2  startup_stm32f091xc.o [3]
  .text              ro code   0x800'1880    0x14  exit.o [8]
  .text              ro code   0x800'1894   0xe50  xscanffull_nomb.o [5]
  .text              ro code   0x800'26e4    0x12  isspace.o [5]
  .text              ro code   0x800'26f6    0x12  isalpha.o [5]
  .text              ro code   0x800'2708   0x334  strto64.o [6]
  .text              ro code   0x800'2a3c    0x62  DblToFlt.o [6]
  .text              ro code   0x800'2a9e     0x2  startup_stm32f091xc.o [3]
  .text              ro code   0x800'2aa0   0x1a6  iar_Stoullx.o [5]
  .text              ro code   0x800'2c46    0xb2  iar_Stollx.o [5]
  .text              ro code   0x800'2cf8   0x118  iar_Stopfx.o [5]
  .text              ro code   0x800'2e10   0x1d4  iar_Stoflt.o [5]
  .text              ro code   0x800'2fe4   0x238  iar_Stoxflt.o [5]
  .text              ro code   0x800'321c    0x32  I64Mul.o [7]
  .text              ro code   0x800'324e    0x12  tolower.o [5]
  .text              ro code   0x800'3260   0xd30  GPRS.o [2]
  .text              ro code   0x800'3f90    0x2e  strstr.o [5]
  .text              ro code   0x800'3fbe     0x2  startup_stm32f091xc.o [3]
  .text              ro code   0x800'3fc0   0x220  SMS.o [2]
  .text              ro code   0x800'41e0   0xc54  FOTA.o [2]
  .text              ro code   0x800'4e34    0x4e  ABImemset.o [7]
  .text              ro code   0x800'4e82     0x2  startup_stm32f091xc.o [3]
  .text              ro code   0x800'4e84    0x28  stm32f0xx_ll_utils.o [4]
  .text              ro code   0x800'4eac   0x164  iar_Stoulx.o [5]
  .text              ro code   0x800'5010    0x12  islower.o [5]
  .text              ro code   0x800'5022    0x12  toupper.o [5]
  .text              ro code   0x800'5034    0x40  sprintf.o [5]
  .text              ro code   0x800'5074    0x4c  strtok.o [5]
  .text              ro code   0x800'50c0    0xd4  stm32f0xx_hal_flash.o [4]
  .text              ro code   0x800'5194   0x104  stm32f0xx_hal_flash_ex.o [4]
  .text              ro code   0x800'5298   0x1d6  main.o [2]
  .text              ro code   0x800'546e     0x8  heaptramp0.o [5]
  .text              ro code   0x800'5476     0x2  startup_stm32f091xc.o [3]
  .text              ro code   0x800'5478   0x140  heap0.o [5]
  .text              ro code   0x800'55b8    0x28  sscanf.o [5]
  .text              ro code   0x800'55e0    0x24  strspn.o [5]
  .text              ro code   0x800'5604    0x24  strcspn.o [5]
  .text              ro code   0x800'5628     0xc  stm32f0xx_hal.o [4]
  .text              ro code   0x800'5634    0x20  stm32f0xx_hal.o [4]
  .text              ro code   0x800'5654    0xe0  gpio.o [2]
  .text              ro code   0x800'5734    0xf8  rtc.o [2]
  .text              ro code   0x800'582c   0x1d4  usart.o [2]
  .text              ro code   0x800'5a00   0x2d0  Misc_Function.o [2]
  .text              ro code   0x800'5cd0   0x770  stm32f0xx_hal_rcc.o [4]
  .text              ro code   0x800'6440   0x174  stm32f0xx_hal_rcc_ex.o [4]
  .text              ro code   0x800'65b4    0x2c  xgetmemchunk.o [5]
  .text              ro code   0x800'65e0    0x50  stm32f0xx_hal.o [4]
  .text              ro code   0x800'6630    0x34  stm32f0xx_hal_msp.o [2]
  .text              ro code   0x800'6664   0x134  stm32f0xx_ll_gpio.o [4]
  .text              ro code   0x800'6798   0x39c  stm32f0xx_ll_rtc.o [4]
  .text              ro code   0x800'6b34   0x18c  stm32f0xx_ll_usart.o [4]
  .text              ro code   0x800'6cc0    0xdc  stm32f0xx_hal_cortex.o [4]
  .text              ro code   0x800'6d9c   0x27c  stm32f0xx_ll_rcc.o [4]
  .text              ro code   0x800'7018   0x38c  stm32f0xx_it.o [2]
  .text              ro code   0x800'73a4    0x18  stm32f0xx_hal.o [4]
  .text              ro code   0x800'73bc    0x80  lz77_init_single.o [7]
  .rodata            const     0x800'743c    0x6a  xprintffull_nomb.o [5]
  .text              ro code   0x800'74a6     0x2  startup_stm32f091xc.o [3]
  .rodata            const     0x800'74a8    0x50  iar_Stoulx.o [5]
  .rodata            const     0x800'74f8    0x50  iar_Stoullx.o [5]
  .text              ro code   0x800'7548    0x3c  zero_init3.o [7]
  .rodata            const     0x800'7588    0x48  strto64.o [6]
  .rodata            const     0x800'75d0    0x38  SMS.o [2]
  .rodata            const     0x800'7608    0x34  SMS.o [2]
  .rodata            const     0x800'763c    0x30  SMS.o [2]
  .rodata            const     0x800'766c    0x30  SMS.o [2]
  .rodata            const     0x800'769c    0x2c  xscanffull_nomb.o [5]
  .rodata            const     0x800'76c8    0x28  SMS.o [2]
  .rodata            const     0x800'76f0    0x28  xscanffull_nomb.o [5]
  .text              ro code   0x800'7718    0x28  data_init.o [7]
  .rodata            const     0x800'7740    0x24  xscanffull_nomb.o [5]
  .iar.init_table    const     0x800'7764    0x20  - Linker created -
  .rodata            const     0x800'7784    0x20  SMS.o [2]
  .text              ro code   0x800'77a4    0x1e  cmain.o [7]
  .text              ro code   0x800'77c2     0x4  low_level_init.o [5]
  .text              ro code   0x800'77c6     0x8  exit.o [5]
  .text              ro code   0x800'77ce     0x2  startup_stm32f091xc.o [3]
  .text              ro code   0x800'77d0     0xa  cexit.o [7]
  .text              ro code   0x800'77da     0x2  startup_stm32f091xc.o [3]
  .rodata            const     0x800'77dc    0x1c  FOTA.o [2]
  .text              ro code   0x800'77f8    0x1c  cstartup_M.o [7]
  .rodata            const     0x800'7814    0x18  FOTA.o [2]
  .rodata            const     0x800'782c    0x18  GPRS.o [2]
  .rodata            const     0x800'7844    0x18  GPRS.o [2]
  .rodata            const     0x800'785c    0x18  SMS.o [2]
  .rodata            const     0x800'7874    0x18  SMS.o [2]
  .rodata            const     0x800'788c    0x18  SMS.o [2]
  .rodata            const     0x800'78a4    0x18  SMS.o [2]
  .rodata            const     0x800'78bc    0x18  SMS.o [2]
  .rodata            const     0x800'78d4    0x14  FOTA.o [2]
  .rodata            const     0x800'78e8    0x14  FOTA.o [2]
  .rodata            const     0x800'78fc    0x14  GPRS.o [2]
  .rodata            const     0x800'7910    0x14  GPRS.o [2]
  .rodata            const     0x800'7924    0x14  GPRS.o [2]
  .rodata            const     0x800'7938    0x14  GPRS.o [2]
  .rodata            const     0x800'794c    0x14  Misc_Function.o [2]
  .rodata            const     0x800'7960    0x14  SMS.o [2]
  .rodata            const     0x800'7974    0x14  SMS.o [2]
  .rodata            const     0x800'7988    0x10  FOTA.o [2]
  .rodata            const     0x800'7998    0x10  FOTA.o [2]
  .rodata            const     0x800'79a8    0x10  FOTA.o [2]
  .rodata            const     0x800'79b8    0x10  GPRS.o [2]
  .rodata            const     0x800'79c8    0x10  GPRS.o [2]
  .rodata            const     0x800'79d8    0x10  GPRS.o [2]
  .rodata            const     0x800'79e8    0x10  GPRS.o [2]
  .rodata            const     0x800'79f8    0x10  Misc_Function.o [2]
  .rodata            const     0x800'7a08    0x10  SMS.o [2]
  .rodata            const     0x800'7a18    0x10  SMS.o [2]
  .rodata            const     0x800'7a28    0x10  SMS.o [2]
  .rodata            const     0x800'7a38    0x10  SMS.o [2]
  .rodata            const     0x800'7a48    0x10  stm32f0xx_hal_rcc.o [4]
  .rodata            const     0x800'7a58    0x10  stm32f0xx_hal_rcc.o [4]
  .rodata            const     0x800'7a68    0x10  system_stm32f0xx.o [1]
  .text              ro code   0x800'7a78    0x10  startup_stm32f091xc.o [3]
  .rodata            const     0x800'7a88     0xc  FOTA.o [2]
  .rodata            const     0x800'7a94     0xc  GPRS.o [2]
  .rodata            const     0x800'7aa0     0xc  GPRS.o [2]
  .rodata            const     0x800'7aac     0xc  GPRS.o [2]
  .rodata            const     0x800'7ab8     0xc  GPRS.o [2]
  .rodata            const     0x800'7ac4     0xc  GPRS.o [2]
  .rodata            const     0x800'7ad0     0xc  GPRS.o [2]
  .rodata            const     0x800'7adc     0xc  GPRS.o [2]
  .rodata            const     0x800'7ae8     0xc  GPRS.o [2]
  .rodata            const     0x800'7af4     0xc  GPRS.o [2]
  .rodata            const     0x800'7b00     0xc  GPRS.o [2]
  .rodata            const     0x800'7b0c     0xc  GPRS.o [2]
  .rodata            const     0x800'7b18     0xc  GPRS.o [2]
  .rodata            const     0x800'7b24     0xc  GPRS.o [2]
  .rodata            const     0x800'7b30     0xc  GPRS.o [2]
  .rodata            const     0x800'7b3c     0xc  GPRS.o [2]
  .rodata            const     0x800'7b48     0xc  GPRS.o [2]
  .rodata            const     0x800'7b54     0xc  GPRS.o [2]
  .rodata            const     0x800'7b60     0xc  Misc_Function.o [2]
  .rodata            const     0x800'7b6c     0xc  SMS.o [2]
  .rodata            const     0x800'7b78     0xc  SMS.o [2]
  .rodata            const     0x800'7b84     0xc  SMS.o [2]
  .rodata            const     0x800'7b90     0xc  SMS.o [2]
  .rodata            const     0x800'7b9c     0xc  SMS.o [2]
  .rodata            const     0x800'7ba8     0xc  SMS.o [2]
  .rodata            const     0x800'7bb4     0xc  stm32f0xx_it.o [2]
  .rodata            const     0x800'7bc0     0xc  stm32f0xx_it.o [2]
  .rodata            const     0x800'7bcc     0xc  stm32f0xx_it.o [2]
  .rodata            const     0x800'7bd8     0xc  stm32f0xx_it.o [2]
  .rodata            const     0x800'7be4     0x8  FOTA.o [2]
  .rodata            const     0x800'7bec     0x8  FOTA.o [2]
  .rodata            const     0x800'7bf4     0x8  FOTA.o [2]
  .rodata            const     0x800'7bfc     0x8  FOTA.o [2]
  .rodata            const     0x800'7c04     0x8  FOTA.o [2]
  .rodata            const     0x800'7c0c     0x8  FOTA.o [2]
  .rodata            const     0x800'7c14     0x8  FOTA.o [2]
  .rodata            const     0x800'7c1c     0x8  FOTA.o [2]
  .rodata            const     0x800'7c24     0x8  GPRS.o [2]
  .rodata            const     0x800'7c2c     0x8  GPRS.o [2]
  .rodata            const     0x800'7c34     0x8  GPRS.o [2]
  .rodata            const     0x800'7c3c     0x8  GPRS.o [2]
  .rodata            const     0x800'7c44     0x8  GPRS.o [2]
  .rodata            const     0x800'7c4c     0x8  GPRS.o [2]
  .rodata            const     0x800'7c54     0x8  GPRS.o [2]
  .rodata            const     0x800'7c5c     0x8  GPRS.o [2]
  .rodata            const     0x800'7c64     0x8  GPRS.o [2]
  .rodata            const     0x800'7c6c     0x8  GPRS.o [2]
  .rodata            const     0x800'7c74     0x8  GPRS.o [2]
  .rodata            const     0x800'7c7c     0x8  GPRS.o [2]
  .rodata            const     0x800'7c84     0x8  GPRS.o [2]
  .rodata            const     0x800'7c8c     0x8  GPRS.o [2]
  .rodata            const     0x800'7c94     0x8  GPRS.o [2]
  .rodata            const     0x800'7c9c     0x8  GPRS.o [2]
  .rodata            const     0x800'7ca4     0x8  GPRS.o [2]
  .rodata            const     0x800'7cac     0x8  GPRS.o [2]
  .rodata            const     0x800'7cb4     0x8  GPRS.o [2]
  .rodata            const     0x800'7cbc     0x8  GPRS.o [2]
  .rodata            const     0x800'7cc4     0x8  GPRS.o [2]
  .rodata            const     0x800'7ccc     0x8  GPRS.o [2]
  .rodata            const     0x800'7cd4     0x8  GPRS.o [2]
  .rodata            const     0x800'7cdc     0x8  GPRS.o [2]
  .rodata            const     0x800'7ce4     0x8  GPRS.o [2]
  .rodata            const     0x800'7cec     0x8  GPRS.o [2]
  .rodata            const     0x800'7cf4     0x8  Misc_Function.o [2]
  .rodata            const     0x800'7cfc     0x8  Misc_Function.o [2]
  .rodata            const     0x800'7d04     0x8  stm32f0xx_it.o [2]
  .rodata            const     0x800'7d0c     0x8  stm32f0xx_it.o [2]
  .rodata            const     0x800'7d14     0x8  stm32f0xx_it.o [2]
  .rodata            const     0x800'7d1c     0x8  system_stm32f0xx.o [1]
  .text              ro code   0x800'7d24     0x2  startup_stm32f091xc.o [3]
  .text              ro code   0x800'7d26     0x2  startup_stm32f091xc.o [3]
  .text              ro code   0x800'7d28     0x2  startup_stm32f091xc.o [3]
  .text              ro code   0x800'7d2a     0x2  startup_stm32f091xc.o [3]
  .text              ro code   0x800'7d2c     0x2  startup_stm32f091xc.o [3]
  .text              ro code   0x800'7d2e     0x2  startup_stm32f091xc.o [3]
  .text              ro code   0x800'7d30     0x2  startup_stm32f091xc.o [3]
  .text              ro code   0x800'7d32     0x2  startup_stm32f091xc.o [3]
  .text              ro code   0x800'7d34     0x2  startup_stm32f091xc.o [3]
  .text              ro code   0x800'7d36     0x2  startup_stm32f091xc.o [3]
  .text              ro code   0x800'7d38     0x2  startup_stm32f091xc.o [3]
  .text              ro code   0x800'7d3a     0x2  startup_stm32f091xc.o [3]
  .text              ro code   0x800'7d3c     0x2  startup_stm32f091xc.o [3]
  .text              ro code   0x800'7d3e     0x2  startup_stm32f091xc.o [3]
  .text              ro code   0x800'7d40     0x2  startup_stm32f091xc.o [3]
  .text              ro code   0x800'7d42     0x2  startup_stm32f091xc.o [3]
  .text              ro code   0x800'7d44     0x2  startup_stm32f091xc.o [3]
  .text              ro code   0x800'7d46     0x2  startup_stm32f091xc.o [3]
  .text              ro code   0x800'7d48     0x2  system_stm32f0xx.o [1]
  .rodata            const     0x800'7d4a     0x1  xlocale_c.o [5]
  .rodata            const     0x800'7d4b     0x0  zero_init3.o [7]
  .rodata            const     0x800'7d4b     0x0  lz77_init_single.o [7]
  Initializer bytes  const     0x800'7d4b    0x4d  <for P2-1>
                             - 0x800'7d98  0x7cdc

"P2", part 1 of 3:                           0x91
  P2-1                        0x2000'0000    0x91  <Init block>
    .data            inited   0x2000'0000     0x4  FOTA.o [2]
    .data            inited   0x2000'0004     0x4  stm32f0xx_hal.o [4]
    .data            inited   0x2000'0008     0x4  system_stm32f0xx.o [1]
    .data            inited   0x2000'000c    0x38  xlocale_c.o [5]
    .data            inited   0x2000'0044    0x48  xlocale_c.o [5]
    .data            inited   0x2000'008c     0x2  App_RAM.o [2]
    .data            inited   0x2000'008e     0x1  App_RAM.o [2]
    .data            inited   0x2000'008f     0x1  GPRS.o [2]
    .data            inited   0x2000'0090     0x1  stm32f0xx_hal.o [4]
                            - 0x2000'0091    0x91

"P2", part 2 of 3:                         0x3ef4
  .bss               zero     0x2000'0094  0x300c  FOTA.o [2]
  .bss               zero     0x2000'30a0   0x898  FOTA.o [2]
  .bss               zero     0x2000'3938   0x400  GPRS.o [2]
  .bss               zero     0x2000'3d38    0xd8  FOTA.o [2]
  .bss               zero     0x2000'3e10    0xac  GPRS.o [2]
  .bss               zero     0x2000'3ebc    0x24  FOTA.o [2]
  .bss               zero     0x2000'3ee0     0xc  FOTA.o [2]
  .bss               zero     0x2000'3ef0    0x20  stm32f0xx_hal_flash.o [4]
  .bss               zero     0x2000'3f10     0x8  heap0.o [5]
  .bss               zero     0x2000'3f18     0x4  App_RAM.o [2]
  .bss               zero     0x2000'3f1c     0x4  FOTA.o [2]
  .bss               zero     0x2000'3f20     0x4  FOTA.o [2]
  .bss               zero     0x2000'3f24     0x4  FOTA.o [2]
  .bss               zero     0x2000'3f28     0x4  FOTA.o [2]
  .bss               zero     0x2000'3f2c     0x4  FOTA.o [2]
  .bss               zero     0x2000'3f30     0x4  FOTA.o [2]
  .bss               zero     0x2000'3f34     0x4  FOTA.o [2]
  .bss               zero     0x2000'3f38     0x4  FOTA.o [2]
  .bss               zero     0x2000'3f3c     0x4  FOTA.o [2]
  .bss               zero     0x2000'3f40     0x4  GPRS.o [2]
  .bss               zero     0x2000'3f44     0x4  stm32f0xx_hal.o [4]
  .bss               zero     0x2000'3f48     0x4  strtok.o [5]
  .bss               zero     0x2000'3f4c     0x4  xgetmemchunk.o [5]
  .bss               zero     0x2000'3f50     0x4  xfail_s.o [5]
  .bss               zero     0x2000'3f54     0x2  App_RAM.o [2]
  .bss               zero     0x2000'3f56     0x2  App_RAM.o [2]
  .bss               zero     0x2000'3f58     0x2  App_RAM.o [2]
  .bss               zero     0x2000'3f5a     0x2  FOTA.o [2]
  .bss               zero     0x2000'3f5c     0x2  FOTA.o [2]
  .bss               zero     0x2000'3f5e     0x1  App_RAM.o [2]
  .bss               zero     0x2000'3f5f     0x1  App_RAM.o [2]
  .bss               zero     0x2000'3f60     0x1  App_RAM.o [2]
  .bss               zero     0x2000'3f61     0x1  App_RAM.o [2]
  .bss               zero     0x2000'3f62     0x1  App_RAM.o [2]
  .bss               zero     0x2000'3f63     0x1  App_RAM.o [2]
  .bss               zero     0x2000'3f64     0x1  App_RAM.o [2]
  .bss               zero     0x2000'3f65     0x1  App_RAM.o [2]
  .bss               zero     0x2000'3f66     0x1  App_RAM.o [2]
  .bss               zero     0x2000'3f67     0x1  App_RAM.o [2]
  .bss               zero     0x2000'3f68     0x1  App_RAM.o [2]
  .bss               zero     0x2000'3f69     0x1  App_RAM.o [2]
  .bss               zero     0x2000'3f6a     0x1  App_RAM.o [2]
  .bss               zero     0x2000'3f6b     0x1  App_RAM.o [2]
  .bss               zero     0x2000'3f6c     0x1  App_RAM.o [2]
  .bss               zero     0x2000'3f6d     0x1  FOTA.o [2]
  .bss               zero     0x2000'3f6e     0x1  FOTA.o [2]
  .bss               zero     0x2000'3f6f     0x1  FOTA.o [2]
  .bss               zero     0x2000'3f70     0x1  FOTA.o [2]
  .bss               zero     0x2000'3f71     0x1  FOTA.o [2]
  .bss               zero     0x2000'3f72     0x1  FOTA.o [2]
  .bss               zero     0x2000'3f73     0x1  FOTA.o [2]
  .bss               zero     0x2000'3f74     0x1  FOTA.o [2]
  .bss               zero     0x2000'3f75     0x1  FOTA.o [2]
  .bss               zero     0x2000'3f76     0x1  FOTA.o [2]
  .bss               zero     0x2000'3f77     0x1  FOTA.o [2]
  .bss               zero     0x2000'3f78     0x1  FOTA.o [2]
  .bss               zero     0x2000'3f79     0x1  FOTA.o [2]
  .bss               zero     0x2000'3f7a     0x1  FOTA.o [2]
  .bss               zero     0x2000'3f7b     0x1  FOTA.o [2]
  .bss               zero     0x2000'3f7c     0x1  GPRS.o [2]
  .bss               zero     0x2000'3f7d     0x1  GPRS.o [2]
  .bss               zero     0x2000'3f7e     0x1  GPRS.o [2]
  .bss               zero     0x2000'3f7f     0x1  GPRS.o [2]
  .bss               zero     0x2000'3f80     0x1  GPRS.o [2]
  .bss               zero     0x2000'3f81     0x1  GPRS.o [2]
  .bss               zero     0x2000'3f82     0x1  GPRS.o [2]
  .bss               zero     0x2000'3f83     0x1  GPRS.o [2]
  .bss               zero     0x2000'3f84     0x1  GPRS.o [2]
                            - 0x2000'3f85  0x3ef1

"P2", part 3 of 3:                          0x600
  CSTACK                      0x2000'3f88   0x400  <Block>
    CSTACK           uninit   0x2000'3f88   0x400  <Block tail>
  HEAP                        0x2000'4388   0x200  <Block>
    HEAP             uninit   0x2000'4388   0x200  <Block tail>
                            - 0x2000'4588   0x600

Unused ranges:

         From           To      Size
         ----           --      ----
   0x800'7d98   0x803'ffff  0x3'8268
  0x2000'0091  0x2000'0093       0x3
  0x2000'4588  0x2000'7fff    0x3a78


*******************************************************************************
*** INIT TABLE
***

          Address      Size
          -------      ----
Zero (__iar_zero_init3)
    1 destination range, total size 0x3ef1:
          0x2000'0094  0x3ef1

Copy/lz77 (__iar_lz77_init_single3)
    1 source range, total size 0x4d (53% of destination):
           0x800'7d4b    0x4d
    1 destination range, total size 0x91:
          0x2000'0000    0x91



*******************************************************************************
*** MODULE SUMMARY
***

    Module                    ro code  ro data  rw data
    ------                    -------  -------  -------
command line/config:
    ---------------------------------------------------
    Total:

D:\CODE\COMPANIES\ARODA FOTA\RODA_TRACK FOTA\EWARM\ARODA FOTA\Obj\CMSIS_6603591812247902717.dir: [1]
    system_stm32f0xx.o              2       26        4
    ---------------------------------------------------
    Total:                          2       26        4

D:\CODE\COMPANIES\ARODA FOTA\RODA_TRACK FOTA\EWARM\ARODA FOTA\Obj\Core_13247989168731456611.dir: [2]
    App_RAM.o                                1       28
    FOTA.o                      3'156      218   14'823
    GPRS.o                      3'376      605    1'210
    Misc_Function.o               720       64
    SMS.o                         544      572
    gpio.o                        224
    main.o                        470
    rtc.o                         248
    stm32f0xx_hal_msp.o            52
    stm32f0xx_it.o                908       72
    usart.o                       468
    ---------------------------------------------------
    Total:                     10'166    1'532   16'061

D:\CODE\COMPANIES\ARODA FOTA\RODA_TRACK FOTA\EWARM\ARODA FOTA\Obj\EWARM_18443280873093131863.dir: [3]
    startup_stm32f091xc.o         264
    ---------------------------------------------------
    Total:                        264

D:\CODE\COMPANIES\ARODA FOTA\RODA_TRACK FOTA\EWARM\ARODA FOTA\Obj\STM32F0xx_HAL_Driver_12736992878974344111.dir: [4]
    stm32f0xx_hal.o               148        3        9
    stm32f0xx_hal_cortex.o        220
    stm32f0xx_hal_flash.o         212                32
    stm32f0xx_hal_flash_ex.o      260
    stm32f0xx_hal_rcc.o         1'904       32
    stm32f0xx_hal_rcc_ex.o        372
    stm32f0xx_ll_gpio.o           308
    stm32f0xx_ll_rcc.o            636
    stm32f0xx_ll_rtc.o            924
    stm32f0xx_ll_usart.o          396
    stm32f0xx_ll_utils.o           40
    ---------------------------------------------------
    Total:                      5'420       35       41

dl6M_tlf.a: [5]
    abort.o                        10
    exit.o                          8
    heap0.o                       320                 8
    heaptramp0.o                    8
    iar_Stoflt.o                  468
    iar_Stollx.o                  178
    iar_Stopfx.o                  280
    iar_Stoullx.o                 422       80
    iar_Stoulx.o                  356       80
    iar_Stoxflt.o                 568
    isalpha.o                      18
    islower.o                      18
    isspace.o                      18
    low_level_init.o                4
    sprintf.o                      64
    sscanf.o                       40
    strcspn.o                      36
    strspn.o                       36
    strstr.o                       46
    strtok.o                       76                 4
    tolower.o                      18
    toupper.o                      18
    xfail_s.o                      72                 4
    xgetmemchunk.o                 44                 4
    xlocale_c.o                    92       73      128
    xprintffull_nomb.o          3'962      106
    xscanffull_nomb.o           3'664      120
    xsprout.o                      10
    xsscin.o                       34
    ---------------------------------------------------
    Total:                     10'888      459      148

m6M_tl.a: [6]
    DblAddSub.o                   436
    DblCmpGe.o                     50
    DblCmpLe.o                     50
    DblDiv.o                      194
    DblMul.o                      388
    DblToFlt.o                     98
    DblToI32.o                     82
    IxxToDbl.o                     52
    frexp.o                        42
    ldexp.o                       112
    strto64.o                     820       72
    ---------------------------------------------------
    Total:                      2'324       72

rt6M_tl.a: [7]
    ABImemcpy.o                    78
    ABImemset.o                    78
    I32DivModFast.o               224
    I64DivMod.o                   124
    I64DivZer.o                     2
    I64Mul.o                       50
    IntDivZer.o                     2
    cexit.o                        10
    cmain.o                        30
    cstartup_M.o                   28
    data_init.o                    40
    lz77_init_single.o            128
    memchr.o                       22
    strchr.o                       18
    strlen.o                       14
    zero_init3.o                   60
    ---------------------------------------------------
    Total:                        908

shb_l.a: [8]
    exit.o                         20
    ---------------------------------------------------
    Total:                         20

    Gaps                                     4        4
    Linker created                          32    1'536
-------------------------------------------------------
    Grand Total:               29'992    2'160   17'794


*******************************************************************************
*** ENTRY LIST
***

Entry                       Address    Size  Type      Object
-----                       -------    ----  ----      ------
.iar.init_table$$Base    0x800'7764           --   Gb  - Linker created -
.iar.init_table$$Limit   0x800'7784           --   Gb  - Linker created -
?main                    0x800'77a5          Code  Gb  cmain.o [7]
ADC1_COMP_IRQHandler     0x800'7d25          Code  Wk  startup_stm32f091xc.o [3]
AHBPrescTable            0x800'7a68    0x10  Data  Gb  system_stm32f0xx.o [1]
APBPrescTable            0x800'7d1c     0x8  Data  Gb  system_stm32f0xx.o [1]
Aldata                  0x2000'3f10     0x8  Data  Lc  heap0.o [5]
App_Init                 0x800'5a33   0x1b8  Code  Gb  Misc_Function.o [2]
CEC_CAN_IRQHandler       0x800'7d47          Code  Wk  startup_stm32f091xc.o [3]
CSTACK$$Base            0x2000'3f88           --   Gb  - Linker created -
CSTACK$$Limit           0x2000'4388           --   Gb  - Linker created -
Check_FOTA_CodeAddr     0x2000'3f2c     0x4  Data  Gb  FOTA.o [2]
Check_Signal_Nw_GPRS     0x800'3945   0x14a  Code  Gb  GPRS.o [2]
Config_Counter          0x2000'3f58     0x2  Data  Gb  App_RAM.o [2]
Config_State            0x2000'3f6b     0x1  Data  Gb  App_RAM.o [2]
DFU_HTTP                0x2000'3d38    0xd8  Data  Gb  FOTA.o [2]
DMA1_Ch1_IRQHandler      0x800'74a7          Code  Wk  startup_stm32f091xc.o [3]
DMA1_Ch2_3_DMA2_Ch1_2_IRQHandler
                         0x800'77cf          Code  Wk  startup_stm32f091xc.o [3]
DMA1_Ch4_7_DMA2_Ch3_5_IRQHandler
                         0x800'77db          Code  Wk  startup_stm32f091xc.o [3]
DataErr                  0x800'4d7d    0x12  Code  Gb  FOTA.o [2]
Data_WaitTime           0x2000'3f6d     0x1  Data  Gb  FOTA.o [2]
Dtentox                  0x800'2709   0x1f8  Code  Lc  strto64.o [6]
EC200_ONTime            0x2000'008e     0x1  Data  Gb  App_RAM.o [2]
EXTI0_1_IRQHandler       0x800'2a9f          Code  Wk  startup_stm32f091xc.o [3]
EXTI2_3_IRQHandler       0x800'3fbf          Code  Wk  startup_stm32f091xc.o [3]
EXTI4_15_IRQHandler      0x800'4e83          Code  Wk  startup_stm32f091xc.o [3]
EraseInitStruct         0x2000'3ee0     0xc  Data  Lc  FOTA.o [2]
Error_Handler            0x800'5469     0x6  Code  Gb  main.o [2]
FLASH_IRQHandler         0x800'187b          Code  Wk  startup_stm32f091xc.o [3]
FLASH_MassErase          0x800'5243    0x1a  Code  Lc  stm32f0xx_hal_flash_ex.o [4]
FLASH_PageErase          0x800'526d    0x1e  Code  Gb  stm32f0xx_hal_flash_ex.o [4]
FLASH_SetErrorCode       0x800'513b    0x3e  Code  Lc  stm32f0xx_hal_flash.o [4]
FLASH_WaitForLastOperation
                         0x800'50eb    0x50  Code  Gb  stm32f0xx_hal_flash.o [4]
FileLength              0x2000'3f38     0x4  Data  Gb  FOTA.o [2]
FileLoc                 0x2000'3f3c     0x4  Data  Gb  FOTA.o [2]
FirstPage               0x2000'3f1c     0x4  Data  Gb  FOTA.o [2]
Flag_APNSet             0x2000'3f80     0x1  Data  Gb  GPRS.o [2]
Flag_DataError          0x2000'3f78     0x1  Data  Gb  FOTA.o [2]
Flag_Download           0x2000'3f61     0x1  Data  Gb  App_RAM.o [2]
Flag_Download_Status    0x2000'3f70     0x1  Data  Gb  FOTA.o [2]
Flag_EndofFile          0x2000'3f7b     0x1  Data  Gb  FOTA.o [2]
Flag_EndofSector        0x2000'3f74     0x1  Data  Gb  FOTA.o [2]
Flag_Error              0x2000'3f66     0x1  Data  Gb  App_RAM.o [2]
Flag_FOTA_DONE          0x2000'3f5e     0x1  Data  Gb  App_RAM.o [2]
Flag_FOTA_FILE_Addr     0x2000'3f7a     0x1  Data  Gb  FOTA.o [2]
Flag_FWFail             0x2000'3f79     0x1  Data  Gb  FOTA.o [2]
Flag_FlashProg          0x2000'3f6f     0x1  Data  Gb  FOTA.o [2]
Flag_GetFile            0x2000'3f71     0x1  Data  Gb  FOTA.o [2]
Flag_HTTP_Content       0x2000'3f73     0x1  Data  Gb  FOTA.o [2]
Flag_Init_GPRS          0x2000'3f60     0x1  Data  Gb  App_RAM.o [2]
Flag_LoadProg           0x2000'3f77     0x1  Data  Gb  FOTA.o [2]
Flag_MODULE_EC200_RST   0x2000'3f5f     0x1  Data  Gb  App_RAM.o [2]
Flag_ModemError         0x2000'3f7d     0x1  Data  Gb  GPRS.o [2]
Flag_ModemOK            0x2000'3f7c     0x1  Data  Gb  GPRS.o [2]
Flag_ModemRdy           0x2000'3f63     0x1  Data  Gb  App_RAM.o [2]
Flag_Modem_process_ongoing
                        0x2000'3f67     0x1  Data  Gb  App_RAM.o [2]
Flag_NextEndOfSector    0x2000'3f75     0x1  Data  Gb  FOTA.o [2]
Flag_NoResp             0x2000'3f62     0x1  Data  Gb  App_RAM.o [2]
Flag_SaveFlash          0x2000'3f76     0x1  Data  Gb  FOTA.o [2]
Flag_Second             0x2000'3f65     0x1  Data  Gb  App_RAM.o [2]
Flag_TryCnt             0x2000'3f6e     0x1  Data  Gb  FOTA.o [2]
Flag_ValidNetwork       0x2000'3f7e     0x1  Data  Gb  GPRS.o [2]
Flag_WriteFile          0x2000'3f72     0x1  Data  Gb  FOTA.o [2]
Flag_WrongIMEI          0x2000'3f7f     0x1  Data  Gb  GPRS.o [2]
Flag_mSec               0x2000'3f64     0x1  Data  Gb  App_RAM.o [2]
FlashAddress            0x2000'3f30     0x4  Data  Gb  FOTA.o [2]
Flash_Write_Size        0x2000'3f5c     0x2  Data  Gb  FOTA.o [2]
GPRSData                0x2000'3e10    0xac  Data  Gb  GPRS.o [2]
GPRS_Buffer             0x2000'3938   0x400  Data  Gb  GPRS.o [2]
GPRS_Count              0x2000'3f40     0x4  Data  Gb  GPRS.o [2]
GPRS_ModemErr           0x2000'3f6c     0x1  Data  Gb  App_RAM.o [2]
GP_Counter              0x2000'3f56     0x2  Data  Gb  App_RAM.o [2]
GP_timer                 0x800'5bf1    0x4a  Code  Gb  Misc_Function.o [2]
Get_APN_Routine          0x800'3d15   0x1f4  Code  Gb  GPRS.o [2]
Get_CSQ                 0x2000'3f68     0x1  Data  Gb  App_RAM.o [2]
Get_Firmware             0x800'4229   0xb46  Code  Gb  FOTA.o [2]
HAL_FLASHEx_Erase        0x800'5195    0xae  Code  Gb  stm32f0xx_hal_flash_ex.o [4]
HAL_FLASH_Unlock         0x800'50c1    0x2a  Code  Gb  stm32f0xx_hal_flash.o [4]
HAL_GetTick              0x800'5629     0xc  Code  Wk  stm32f0xx_hal.o [4]
HAL_IncTick              0x800'73a5    0x18  Code  Wk  stm32f0xx_hal.o [4]
HAL_Init                 0x800'5635    0x1a  Code  Gb  stm32f0xx_hal.o [4]
HAL_InitTick             0x800'65e1    0x50  Code  Wk  stm32f0xx_hal.o [4]
HAL_MspInit              0x800'6631    0x34  Code  Gb  stm32f0xx_hal_msp.o [2]
HAL_NVIC_SetPriority     0x800'6d67    0x14  Code  Gb  stm32f0xx_hal_cortex.o [4]
HAL_RCCEx_PeriphCLKConfig
                         0x800'6441   0x14c  Code  Gb  stm32f0xx_hal_rcc_ex.o [4]
HAL_RCC_ClockConfig      0x800'6231   0x13a  Code  Gb  stm32f0xx_hal_rcc.o [4]
HAL_RCC_GetSysClockFreq
                         0x800'6381    0x8a  Code  Gb  stm32f0xx_hal_rcc.o [4]
HAL_RCC_GetSysClockFreq::aPLLMULFactorTable
                         0x800'7a48    0x10  Data  Lc  stm32f0xx_hal_rcc.o [4]
HAL_RCC_GetSysClockFreq::aPredivFactorTable
                         0x800'7a58    0x10  Data  Lc  stm32f0xx_hal_rcc.o [4]
HAL_RCC_OscConfig        0x800'5cd1   0x550  Code  Gb  stm32f0xx_hal_rcc.o [4]
HAL_SYSTICK_Config       0x800'6d7b     0xc  Code  Gb  stm32f0xx_hal_cortex.o [4]
HEAP$$Base              0x2000'4388           --   Gb  - Linker created -
HEAP$$Limit             0x2000'4588           --   Gb  - Linker created -
HardFault_Handler        0x800'7053     0x4  Code  Gb  stm32f0xx_it.o [2]
Hex_Deta                0x2000'3ebc    0x24  Data  Gb  FOTA.o [2]
I2C1_IRQHandler          0x800'7d3b          Code  Wk  startup_stm32f091xc.o [3]
I2C2_IRQHandler          0x800'7d3d          Code  Wk  startup_stm32f091xc.o [3]
IAP_Counter             0x2000'3f82     0x1  Data  Gb  GPRS.o [2]
IAP_Status              0x2000'3f81     0x1  Data  Gb  GPRS.o [2]
INIT_GPRS_Modem          0x800'326d   0x41c  Code  Gb  GPRS.o [2]
Init_Time               0x2000'008f     0x1  Data  Gb  GPRS.o [2]
JumpAddress             0x2000'3f18     0x4  Data  Gb  App_RAM.o [2]
Jump_To_Application     0x2000'3f28     0x4  Data  Gb  FOTA.o [2]
LL_AHB1_GRP1_EnableClock
                         0x800'5659    0x16  Code  Lc  gpio.o [2]
LL_AHB1_GRP1_EnableClock
                         0x800'5905    0x16  Code  Lc  usart.o [2]
LL_APB1_GRP2_EnableClock
                         0x800'591b    0x16  Code  Lc  usart.o [2]
LL_GPIO_Init             0x800'671f    0x7a  Code  Gb  stm32f0xx_ll_gpio.o [4]
LL_GPIO_ResetOutputPin   0x800'5655     0x4  Code  Lc  gpio.o [2]
LL_GPIO_SetAFPin_0_7     0x800'66cb    0x24  Code  Lc  stm32f0xx_ll_gpio.o [4]
LL_GPIO_SetAFPin_8_15    0x800'66ef    0x30  Code  Lc  stm32f0xx_ll_gpio.o [4]
LL_GPIO_SetPinMode       0x800'6665    0x1c  Code  Lc  stm32f0xx_ll_gpio.o [4]
LL_GPIO_SetPinOutputType
                         0x800'6681    0x12  Code  Lc  stm32f0xx_ll_gpio.o [4]
LL_GPIO_SetPinPull       0x800'66af    0x1c  Code  Lc  stm32f0xx_ll_gpio.o [4]
LL_GPIO_SetPinSpeed      0x800'6693    0x1c  Code  Lc  stm32f0xx_ll_gpio.o [4]
LL_RCC_EnableRTC         0x800'576d     0xe  Code  Lc  rtc.o [2]
LL_RCC_GetAHBPrescaler   0x800'6dbf     0xa  Code  Lc  stm32f0xx_ll_rcc.o [4]
LL_RCC_GetAPB1Prescaler
                         0x800'6dc9     0xc  Code  Lc  stm32f0xx_ll_rcc.o [4]
LL_RCC_GetSysClkSource   0x800'6db5     0xa  Code  Lc  stm32f0xx_ll_rcc.o [4]
LL_RCC_GetSystemClocksFreq
                         0x800'6e07    0x1c  Code  Gb  stm32f0xx_ll_rcc.o [4]
LL_RCC_GetUSARTClockFreq
                         0x800'6e23    0xfa  Code  Gb  stm32f0xx_ll_rcc.o [4]
LL_RCC_GetUSARTClockSource
                         0x800'6dd5    0x10  Code  Lc  stm32f0xx_ll_rcc.o [4]
LL_RCC_HSI_IsReady       0x800'6d9d     0xc  Code  Lc  stm32f0xx_ll_rcc.o [4]
LL_RCC_LSE_IsReady       0x800'6da9     0xc  Code  Lc  stm32f0xx_ll_rcc.o [4]
LL_RCC_PLL_GetMainSource
                         0x800'6de5     0xc  Code  Lc  stm32f0xx_ll_rcc.o [4]
LL_RCC_PLL_GetMultiplicator
                         0x800'6df1     0xc  Code  Lc  stm32f0xx_ll_rcc.o [4]
LL_RCC_PLL_GetPrediv     0x800'6dfd     0xa  Code  Lc  stm32f0xx_ll_rcc.o [4]
LL_RTC_BAK_GetRegister   0x800'5a25     0xe  Code  Lc  Misc_Function.o [2]
LL_RTC_BAK_GetRegister   0x800'575f     0xe  Code  Lc  rtc.o [2]
LL_RTC_BAK_GetRegister   0x800'3fe5     0xe  Code  Lc  SMS.o [2]
LL_RTC_BAK_SetRegister   0x800'41f5    0x10  Code  Lc  FOTA.o [2]
LL_RTC_BAK_SetRegister   0x800'52ad    0x10  Code  Lc  main.o [2]
LL_RTC_BAK_SetRegister   0x800'5a15    0x10  Code  Lc  Misc_Function.o [2]
LL_RTC_BAK_SetRegister   0x800'574f    0x10  Code  Lc  rtc.o [2]
LL_RTC_BAK_SetRegister   0x800'3fd5    0x10  Code  Lc  SMS.o [2]
LL_RTC_ClearFlag_RS      0x800'685b    0x10  Code  Lc  stm32f0xx_ll_rtc.o [4]
LL_RTC_DATE_Config       0x800'681b    0x2c  Code  Lc  stm32f0xx_ll_rtc.o [4]
LL_RTC_DATE_Init         0x800'69b3    0xdc  Code  Gb  stm32f0xx_ll_rtc.o [4]
LL_RTC_DisableInitMode   0x800'67b5     0x8  Code  Lc  stm32f0xx_ll_rtc.o [4]
LL_RTC_DisableWriteProtection
                         0x800'67e7     0xa  Code  Lc  stm32f0xx_ll_rtc.o [4]
LL_RTC_EnableInitMode    0x800'67ad     0x8  Code  Lc  stm32f0xx_ll_rtc.o [4]
LL_RTC_EnableWriteProtection
                         0x800'67e1     0x6  Code  Lc  stm32f0xx_ll_rtc.o [4]
LL_RTC_EnterInitMode     0x800'6a8f    0x58  Code  Gb  stm32f0xx_ll_rtc.o [4]
LL_RTC_GetHourFormat     0x800'67a5     0x8  Code  Lc  stm32f0xx_ll_rtc.o [4]
LL_RTC_Init              0x800'6889    0x46  Code  Gb  stm32f0xx_ll_rtc.o [4]
LL_RTC_IsActiveFlag_INIT
                         0x800'6847     0xa  Code  Lc  stm32f0xx_ll_rtc.o [4]
LL_RTC_IsActiveFlag_RS   0x800'6851     0xa  Code  Lc  stm32f0xx_ll_rtc.o [4]
LL_RTC_IsShadowRegBypassEnabled
                         0x800'67bd     0xa  Code  Lc  stm32f0xx_ll_rtc.o [4]
LL_RTC_SetAsynchPrescaler
                         0x800'5735     0xe  Code  Lc  rtc.o [2]
LL_RTC_SetAsynchPrescaler
                         0x800'67c7     0xe  Code  Lc  stm32f0xx_ll_rtc.o [4]
LL_RTC_SetHourFormat     0x800'6799     0xc  Code  Lc  stm32f0xx_ll_rtc.o [4]
LL_RTC_SetSynchPrescaler
                         0x800'5743     0xc  Code  Lc  rtc.o [2]
LL_RTC_SetSynchPrescaler
                         0x800'67d5     0xc  Code  Lc  stm32f0xx_ll_rtc.o [4]
LL_RTC_TIME_Config       0x800'67f1    0x2a  Code  Lc  stm32f0xx_ll_rtc.o [4]
LL_RTC_TIME_Init         0x800'68cf    0xe4  Code  Gb  stm32f0xx_ll_rtc.o [4]
LL_RTC_WaitForSynchro    0x800'6ae7    0x4e  Code  Gb  stm32f0xx_ll_rtc.o [4]
LL_SYSTICK_IsActiveCounterFlag
                         0x800'686b     0xc  Code  Lc  stm32f0xx_ll_rtc.o [4]
LL_USART_ClearFlag_EOB   0x800'7047     0x8  Code  Lc  stm32f0xx_it.o [2]
LL_USART_ClearFlag_FE    0x800'7029     0x6  Code  Lc  stm32f0xx_it.o [2]
LL_USART_ClearFlag_IDLE
                         0x800'703b     0x6  Code  Lc  stm32f0xx_it.o [2]
LL_USART_ClearFlag_NE    0x800'702f     0x6  Code  Lc  stm32f0xx_it.o [2]
LL_USART_ClearFlag_ORE   0x800'7035     0x6  Code  Lc  stm32f0xx_it.o [2]
LL_USART_ClearFlag_PE    0x800'7023     0x6  Code  Lc  stm32f0xx_it.o [2]
LL_USART_ClearFlag_TC    0x800'7041     0x6  Code  Lc  stm32f0xx_it.o [2]
LL_USART_ConfigAsyncMode
                         0x800'58c3    0x12  Code  Lc  usart.o [2]
LL_USART_DisableIT_CTS   0x800'58ed    0x18  Code  Lc  usart.o [2]
LL_USART_Enable          0x800'58b9     0xa  Code  Lc  usart.o [2]
LL_USART_EnableIT_RXNE   0x800'58d5    0x18  Code  Lc  usart.o [2]
LL_USART_Init            0x800'6ba1    0xee  Code  Gb  stm32f0xx_ll_usart.o [4]
LL_USART_IsActiveFlag_RXNE
                         0x800'7019     0xa  Code  Lc  stm32f0xx_it.o [2]
LL_USART_IsActiveFlag_TXE
                         0x800'3261     0xa  Code  Lc  GPRS.o [2]
LL_USART_IsEnabled       0x800'6b35     0xa  Code  Lc  stm32f0xx_ll_usart.o [4]
LL_USART_SetBaudRate     0x800'6b57    0x4a  Code  Lc  stm32f0xx_ll_usart.o [4]
LL_USART_SetHWFlowCtrl   0x800'6b4b     0xc  Code  Lc  stm32f0xx_ll_usart.o [4]
LL_USART_SetStopBitsLength
                         0x800'6b3f     0xc  Code  Lc  stm32f0xx_ll_usart.o [4]
LL_mDelay                0x800'4e85    0x24  Code  Gb  stm32f0xx_ll_utils.o [4]
MX_GPIO_Init             0x800'566f    0xb6  Code  Gb  gpio.o [2]
MX_RTC_Init              0x800'577b    0xa0  Code  Gb  rtc.o [2]
MX_USART1_UART_Init      0x800'5931    0xb0  Code  Gb  usart.o [2]
Modem_NoResp            0x2000'3f84     0x1  Data  Gb  GPRS.o [2]
Modem_PutString          0x800'37f1    0x70  Code  Gb  GPRS.o [2]
NMI_Handler              0x800'704f     0x4  Code  Gb  stm32f0xx_it.o [2]
NbOfPages               0x2000'3f20     0x4  Data  Gb  FOTA.o [2]
PVD_VDDIO2_IRQHandler    0x800'1793          Code  Wk  startup_stm32f091xc.o [3]
PageError               0x2000'3f24     0x4  Data  Gb  FOTA.o [2]
PendSV_Handler           0x800'7059     0x2  Code  Gb  stm32f0xx_it.o [2]
Program_Dbuff           0x2000'30a0   0x898  Data  Gb  FOTA.o [2]
RCC_CRS_IRQHandler       0x800'187f          Code  Wk  startup_stm32f091xc.o [3]
RCC_GetHCLKClockFreq     0x800'6f55    0x18  Code  Gb  stm32f0xx_ll_rcc.o [4]
RCC_GetPCLK1ClockFreq    0x800'6f71    0x14  Code  Gb  stm32f0xx_ll_rcc.o [4]
RCC_GetSystemClockFreq   0x800'6f21    0x30  Code  Gb  stm32f0xx_ll_rcc.o [4]
RCC_PLL_GetFreqDomain_SYS
                         0x800'6f91    0x5a  Code  Gb  stm32f0xx_ll_rcc.o [4]
RTC_IRQHandler           0x800'1877          Code  Wk  startup_stm32f091xc.o [3]
Reg_Error               0x2000'3f83     0x1  Data  Gb  GPRS.o [2]
Region$$Table$$Base      0x800'7764           --   Gb  - Linker created -
Region$$Table$$Limit     0x800'7784           --   Gb  - Linker created -
Reset_Handler            0x800'7a79          Code  Wk  startup_stm32f091xc.o [3]
Rev_Buffer              0x2000'0094  0x300c  Data  Gb  FOTA.o [2]
Rev_Count               0x2000'3f54     0x2  Data  Gb  App_RAM.o [2]
SMS_Init                 0x800'3ff3    0x22  Code  Gb  SMS.o [2]
SPI1_IRQHandler          0x800'7d3f          Code  Wk  startup_stm32f091xc.o [3]
SPI2_IRQHandler          0x800'7d41          Code  Wk  startup_stm32f091xc.o [3]
SVC_Handler              0x800'7057     0x2  Code  Gb  stm32f0xx_it.o [2]
Sec_Tick                0x2000'008c     0x2  Data  Gb  App_RAM.o [2]
Send_SMS                 0x800'4015   0x14c  Code  Gb  SMS.o [2]
Serial_PutData_GPRS      0x800'38dd    0x4e  Code  Gb  GPRS.o [2]
Serial_PutString_GPRS    0x800'3865    0x2c  Code  Gb  GPRS.o [2]
Serial_SendData_GPRS     0x800'389d    0x28  Code  Gb  GPRS.o [2]
Set_APN                  0x800'3abd   0x1fc  Code  Gb  GPRS.o [2]
StrPtr                  0x2000'3f34     0x4  Data  Gb  FOTA.o [2]
SysTick_Config           0x800'6d35    0x32  Code  Lc  stm32f0xx_hal_cortex.o [4]
SysTick_Handler          0x800'705b    0xc4  Code  Gb  stm32f0xx_it.o [2]
SystemClock_Config       0x800'53a9    0x8c  Code  Gb  main.o [2]
SystemCoreClock         0x2000'0008     0x4  Data  Gb  system_stm32f0xx.o [1]
SystemInit               0x800'7d49     0x2  Code  Gb  system_stm32f0xx.o [1]
TIM14_IRQHandler         0x800'7d33          Code  Wk  startup_stm32f091xc.o [3]
TIM15_IRQHandler         0x800'7d35          Code  Wk  startup_stm32f091xc.o [3]
TIM16_IRQHandler         0x800'7d37          Code  Wk  startup_stm32f091xc.o [3]
TIM17_IRQHandler         0x800'7d39          Code  Wk  startup_stm32f091xc.o [3]
TIM1_BRK_UP_TRG_COM_IRQHandler
                         0x800'7d27          Code  Wk  startup_stm32f091xc.o [3]
TIM1_CC_IRQHandler       0x800'7d29          Code  Wk  startup_stm32f091xc.o [3]
TIM2_IRQHandler          0x800'7d2b          Code  Wk  startup_stm32f091xc.o [3]
TIM3_IRQHandler          0x800'7d2d          Code  Wk  startup_stm32f091xc.o [3]
TIM6_DAC_IRQHandler      0x800'7d2f          Code  Wk  startup_stm32f091xc.o [3]
TIM7_IRQHandler          0x800'7d31          Code  Wk  startup_stm32f091xc.o [3]
TSC_IRQHandler           0x800'5477          Code  Wk  startup_stm32f091xc.o [3]
USART1_IRQHandler        0x800'713d   0x1e6  Code  Gb  stm32f0xx_it.o [2]
USART2_IRQHandler        0x800'7d43          Code  Wk  startup_stm32f091xc.o [3]
USART3_8_IRQHandler      0x800'7d45          Code  Wk  startup_stm32f091xc.o [3]
VTS_State               0x2000'3f69     0x1  Data  Gb  App_RAM.o [2]
WAIT_MODEM_RESP          0x800'3765    0x7c  Code  Gb  GPRS.o [2]
WWDG_IRQHandler          0x800'1283          Code  Wk  startup_stm32f091xc.o [3]
Wait                    0x2000'0000     0x4  Data  Gb  FOTA.o [2]
Wait_For_Resp            0x800'36a5    0x9e  Code  Gb  GPRS.o [2]
Write_Loc               0x2000'3f5a     0x2  Data  Gb  FOTA.o [2]
_Get                     0x800'1895     0xc  Code  Lc  xscanffull_nomb.o [5]
_GetN                    0x800'18ab    0x1e  Code  Lc  xscanffull_nomb.o [5]
_GetstrFullNoMb          0x800'24e1   0x1c0  Code  Lc  xscanffull_nomb.o [5]
_LC                      0x800'00bd     0x8  Code  Lc  xprintffull_nomb.o [5]
_LitobFullNoMb           0x800'0e91   0x124  Code  Lc  xprintffull_nomb.o [5]
_LocaleC_isalpha         0x800'179b     0xc  Code  Gb  xlocale_c.o [5]
_LocaleC_islower         0x800'1795     0x4  Code  Gb  xlocale_c.o [5]
_LocaleC_isspace         0x800'17b1    0x14  Code  Gb  xlocale_c.o [5]
_LocaleC_isupper         0x800'1799     0x2  Code  Gb  xlocale_c.o [5]
_LocaleC_tolower         0x800'17c5     0xc  Code  Gb  xlocale_c.o [5]
_LocaleC_toupper         0x800'17d1     0xc  Code  Gb  xlocale_c.o [5]
_Locale_lconv           0x2000'000c    0x38  Data  Lc  xlocale_c.o [5]
_PrintfFullNoMb          0x800'00c5   0xdcc  Code  Gb  xprintffull_nomb.o [5]
_PutcharsFullNoMb        0x800'1001    0x36  Code  Lc  xprintffull_nomb.o [5]
_SProut                  0x800'106b     0xa  Code  Gb  xsprout.o [5]
_SScin                   0x800'1037    0x22  Code  Gb  xsscin.o [5]
_ScanfFullNoMb           0x800'18e9   0xbb4  Code  Gb  xscanffull_nomb.o [5]
_Strtok_ssave           0x2000'3f48     0x4  Data  Lc  strtok.o [5]
_UngetN                  0x800'18c9    0x1e  Code  Lc  xscanffull_nomb.o [5]
__ICFEDIT_region_RAM_end__ {Abs}
                        0x2000'7fff          Data  Gb  <internal module>
__ICFEDIT_region_RAM_start__ {Abs}
                        0x2000'0000          Data  Gb  <internal module>
__NVIC_EnableIRQ         0x800'582d    0x18  Code  Lc  usart.o [2]
__NVIC_SetPriority       0x800'6cc1    0x74  Code  Lc  stm32f0xx_hal_cortex.o [4]
__NVIC_SetPriority       0x800'5845    0x74  Code  Lc  usart.o [2]
__NVIC_SystemReset       0x800'41e1    0x14  Code  Lc  FOTA.o [2]
__NVIC_SystemReset       0x800'5299    0x14  Code  Lc  main.o [2]
__NVIC_SystemReset       0x800'5a01    0x14  Code  Lc  Misc_Function.o [2]
__NVIC_SystemReset       0x800'3fc1    0x14  Code  Lc  SMS.o [2]
__aeabi_cdcmple          0x800'115d          Code  Gb  DblCmpLe.o [6]
__aeabi_cdrcmple         0x800'118f          Code  Gb  DblCmpGe.o [6]
__aeabi_d2f              0x800'2a3d          Code  Gb  DblToFlt.o [6]
__aeabi_d2iz             0x800'1231          Code  Gb  DblToI32.o [6]
__aeabi_d2uiz            0x800'1255          Code  Gb  DblToI32.o [6]
__aeabi_dadd             0x800'12b9          Code  Gb  DblAddSub.o [6]
__aeabi_ddiv             0x800'154d          Code  Gb  DblDiv.o [6]
__aeabi_dmul             0x800'160f          Code  Gb  DblMul.o [6]
__aeabi_dsub             0x800'137f          Code  Gb  DblAddSub.o [6]
__aeabi_i2d              0x800'12a5          Code  Gb  IxxToDbl.o [6]
__aeabi_idiv             0x800'1499          Code  Gb  I32DivModFast.o [7]
__aeabi_idiv0            0x800'1879          Code  Gb  IntDivZer.o [7]
__aeabi_idivmod          0x800'1499          Code  Gb  I32DivModFast.o [7]
__aeabi_ldiv0            0x800'187d          Code  Gb  I64DivZer.o [7]
__aeabi_lmul             0x800'321d          Code  Gb  I64Mul.o [7]
__aeabi_memcpy           0x800'1119          Code  Gb  ABImemcpy.o [7]
__aeabi_memcpy4          0x800'10e5          Code  Gb  ABImemcpy.o [7]
__aeabi_memcpy8          0x800'10e5          Code  Gb  ABImemcpy.o [7]
__aeabi_memset           0x800'4e35          Code  Gb  ABImemset.o [7]
__aeabi_ui2d             0x800'1285          Code  Gb  IxxToDbl.o [6]
__aeabi_uidiv            0x800'149f          Code  Gb  I32DivModFast.o [7]
__aeabi_uidivmod         0x800'149f          Code  Gb  I32DivModFast.o [7]
__aeabi_uldivmod         0x800'17f1          Code  Gb  I64DivMod.o [7]
__basic_free             0x800'5529    0x16  Code  Gb  heap0.o [5]
__basic_free_intern      0x800'553f    0x76  Code  Lc  heap0.o [5]
__basic_malloc           0x800'5479    0x18  Code  Gb  heap0.o [5]
__basic_malloc_intern    0x800'5491    0x98  Code  Lc  heap0.o [5]
__cmain                  0x800'77a5          Code  Gb  cmain.o [7]
__data_GetMemChunk       0x800'65b5    0x2c  Code  Gb  xgetmemchunk.o [5]
__data_GetMemChunk::start
                        0x2000'3f4c     0x4  Data  Lc  xgetmemchunk.o [5]
__exit                   0x800'1881    0x14  Code  Gb  exit.o [8]
__iar_Fail_s             0x800'1075    0x22  Code  Gb  xfail_s.o [5]
__iar_Memchr             0x800'10cd          Code  Gb  memchr.o [7]
__iar_Memcpy             0x800'1125          Code  Gb  ABImemcpy.o [7]
__iar_Memset4_word       0x800'4e55          Code  Gb  ABImemset.o [7]
__iar_Memset_word        0x800'4e41          Code  Gb  ABImemset.o [7]
__iar_Sto64              0x800'2909   0x112  Code  Gb  strto64.o [6]
__iar_Stoflt             0x800'2e11   0x1d4  Code  Gb  iar_Stoflt.o [5]
__iar_Stollx             0x800'2c47    0xa8  Code  Gb  iar_Stollx.o [5]
__iar_Stopfx             0x800'2cf9   0x118  Code  Gb  iar_Stopfx.o [5]
__iar_Stoul              0x800'4ff9     0xa  Code  Gb  iar_Stoulx.o [5]
__iar_Stoullx            0x800'2aa1   0x194  Code  Gb  iar_Stoullx.o [5]
__iar_Stoulx             0x800'4ead   0x14c  Code  Gb  iar_Stoulx.o [5]
__iar_Stoxflt            0x800'2fe5   0x204  Code  Gb  iar_Stoxflt.o [5]
__iar_Stoxflt::digits    0x800'31ec    0x18  Data  Lc  iar_Stoxflt.o [5]
__iar_Stoxflt::vals      0x800'3204    0x18  Data  Lc  iar_Stoxflt.o [5]
__iar_Strchr             0x800'1059          Code  Gb  strchr.o [7]
__iar_d2uiz              0x800'1259          Code  Gb  DblToI32.o [6]
__iar_data_init3         0x800'7719    0x28  Code  Gb  data_init.o [7]
__iar_frexp              0x800'113f          Code  Gb  frexp.o [6]
__iar_frexp64            0x800'1133          Code  Gb  frexp.o [6]
__iar_frexpl             0x800'113f          Code  Gb  frexp.o [6]
__iar_globLocale        0x2000'0044    0x48  Data  Lc  xlocale_c.o [5]
__iar_global_Locale      0x800'17dd     0x4  Code  Gb  xlocale_c.o [5]
__iar_ldexp64            0x800'11c1          Code  Gb  ldexp.o [6]
__iar_lz77_init_single3
                         0x800'73bd    0x80  Code  Gb  lz77_init_single.o [7]
__iar_program_start      0x800'77f9          Code  Gb  cstartup_M.o [7]
__iar_scalbln64          0x800'11c1          Code  Gb  ldexp.o [6]
__iar_scalbn64           0x800'11c1          Code  Gb  ldexp.o [6]
__iar_zero_init3         0x800'7549    0x3c  Code  Gb  zero_init3.o [7]
__low_level_init         0x800'77c3     0x4  Code  Gb  low_level_init.o [5]
__vector_table           0x800'0000          Data  Gb  startup_stm32f091xc.o [3]
_call_main               0x800'77b1          Code  Gb  cmain.o [7]
_exit                    0x800'77d1          Code  Gb  cexit.o [7]
abort                    0x800'186d     0xa  Code  Gb  abort.o [5]
atoi                     0x800'5003     0x4  Code  Gb  iar_Stoulx.o [5]
charToHex                0x800'4d99    0x4e  Code  Gb  FOTA.o [2]
digits                   0x800'74d0    0x28  Data  Lc  iar_Stoulx.o [5]
digits                   0x800'7520    0x28  Data  Lc  iar_Stoullx.o [5]
exit                     0x800'77c7     0x8  Code  Gb  exit.o [5]
free                     0x800'546f     0x8  Code  Gb  heaptramp0.o [5]
frexp                    0x800'1133          Code  Gb  frexp.o [6]
frexpl                   0x800'1133          Code  Gb  frexp.o [6]
isalpha                  0x800'26f7    0x12  Code  Gb  isalpha.o [5]
islower                  0x800'5011    0x12  Code  Gb  islower.o [5]
isspace                  0x800'26e5    0x12  Code  Gb  isspace.o [5]
ldexp                    0x800'11c1          Code  Gb  ldexp.o [6]
ldexpl                   0x800'11c1          Code  Gb  ldexp.o [6]
localeconv               0x800'17e1     0x4  Code  Gb  xlocale_c.o [5]
mSec_Delay               0x800'4205    0x18  Code  Gb  FOTA.o [2]
main                     0x800'52bd    0xec  Code  Gb  main.o [2]
memchr                   0x800'10cd          Code  Gb  memchr.o [7]
ndigs                    0x800'74a8    0x28  Data  Lc  iar_Stoulx.o [5]
ndigs                    0x800'74f8    0x28  Data  Lc  iar_Stoullx.o [5]
pFlash                  0x2000'3ef0    0x20  Data  Gb  stm32f0xx_hal_flash.o [4]
pows                     0x800'7588    0x48  Data  Lc  strto64.o [6]
ranmatch                 0x800'249d    0x42  Code  Lc  xscanffull_nomb.o [5]
respond_time            0x2000'3f6a     0x1  Data  Gb  App_RAM.o [2]
scalbln                  0x800'11c1          Code  Gb  ldexp.o [6]
scalblnl                 0x800'11c1          Code  Gb  ldexp.o [6]
scalbn                   0x800'11c1          Code  Gb  ldexp.o [6]
scalbnl                  0x800'11c1          Code  Gb  ldexp.o [6]
scale                    0x800'0fb5    0x44  Code  Lc  xprintffull_nomb.o [5]
sec_hand                0x2000'3f50     0x4  Data  Lc  xfail_s.o [5]
sprintf                  0x800'5035    0x40  Code  Gb  sprintf.o [5]
sscanf                   0x800'55b9    0x28  Code  Gb  sscanf.o [5]
strchr                   0x800'1059          Code  Gb  strchr.o [7]
strcspn                  0x800'5605    0x24  Code  Gb  strcspn.o [5]
strlen                   0x800'10bd          Code  Gb  strlen.o [7]
strspn                   0x800'55e1    0x24  Code  Gb  strspn.o [5]
strstr                   0x800'3f91    0x2e  Code  Gb  strstr.o [5]
strtok                   0x800'5075    0x4c  Code  Gb  strtok.o [5]
strtoll                  0x800'2cef     0xa  Code  Gb  iar_Stollx.o [5]
strtoull                 0x800'2c3d     0xa  Code  Gb  iar_Stoullx.o [5]
tolower                  0x800'324f    0x12  Code  Gb  tolower.o [5]
toupper                  0x800'5023    0x12  Code  Gb  toupper.o [5]
uwTick                  0x2000'3f44     0x4  Data  Gb  stm32f0xx_hal.o [4]
uwTickFreq              0x2000'0090     0x1  Data  Gb  stm32f0xx_hal.o [4]
uwTickPrio              0x2000'0004     0x4  Data  Gb  stm32f0xx_hal.o [4]


[1] = D:\CODE\COMPANIES\ARODA FOTA\RODA_TRACK FOTA\EWARM\ARODA FOTA\Obj\CMSIS_6603591812247902717.dir
[2] = D:\CODE\COMPANIES\ARODA FOTA\RODA_TRACK FOTA\EWARM\ARODA FOTA\Obj\Core_13247989168731456611.dir
[3] = D:\CODE\COMPANIES\ARODA FOTA\RODA_TRACK FOTA\EWARM\ARODA FOTA\Obj\EWARM_18443280873093131863.dir
[4] = D:\CODE\COMPANIES\ARODA FOTA\RODA_TRACK FOTA\EWARM\ARODA FOTA\Obj\STM32F0xx_HAL_Driver_12736992878974344111.dir
[5] = dl6M_tlf.a
[6] = m6M_tl.a
[7] = rt6M_tl.a
[8] = shb_l.a

  29'992 bytes of readonly  code memory
   2'160 bytes of readonly  data memory
  17'794 bytes of readwrite data memory

Errors: none
Warnings: none
